Component: ARM Compiler 5.06 update 2 (build 183) Tool: armlink [4d35b7]

==============================================================================

Section Cross References

    main.o(i.GPIOInit) refers to stm32f10x_gpio.o(i.GPIO_Init) for GPIO_Init
    main.o(i.GPIOInit) refers to stm32f10x_rcc.o(i.RCC_MCOConfig) for RCC_MCOConfig
    main.o(i.Init_Thread) refers to rt_cmsis.o(i.osThreadCreate) for osThreadCreate
    main.o(i.Init_Thread) refers to main.o(.constdata) for os_thread_def_taskSerial
    main.o(i.Init_Thread) refers to main.o(.data) for tidThreadUsart
    main.o(i.RCC_Configuration) refers to stm32f10x_rcc.o(i.RCC_DeInit) for RCC_DeInit
    main.o(i.RCC_Configuration) refers to stm32f10x_rcc.o(i.RCC_HSEConfig) for RCC_HSEConfig
    main.o(i.RCC_Configuration) refers to stm32f10x_rcc.o(i.RCC_WaitForHSEStartUp) for RCC_WaitForHSEStartUp
    main.o(i.RCC_Configuration) refers to stm32f10x_flash.o(i.FLASH_PrefetchBufferCmd) for FLASH_PrefetchBufferCmd
    main.o(i.RCC_Configuration) refers to stm32f10x_flash.o(i.FLASH_SetLatency) for FLASH_SetLatency
    main.o(i.RCC_Configuration) refers to stm32f10x_rcc.o(i.RCC_HCLKConfig) for RCC_HCLKConfig
    main.o(i.RCC_Configuration) refers to stm32f10x_rcc.o(i.RCC_PCLK2Config) for RCC_PCLK2Config
    main.o(i.RCC_Configuration) refers to stm32f10x_rcc.o(i.RCC_PCLK1Config) for RCC_PCLK1Config
    main.o(i.RCC_Configuration) refers to stm32f10x_rcc.o(i.RCC_PLLConfig) for RCC_PLLConfig
    main.o(i.RCC_Configuration) refers to stm32f10x_rcc.o(i.RCC_PLLCmd) for RCC_PLLCmd
    main.o(i.RCC_Configuration) refers to stm32f10x_rcc.o(i.RCC_GetFlagStatus) for RCC_GetFlagStatus
    main.o(i.RCC_Configuration) refers to stm32f10x_rcc.o(i.RCC_SYSCLKConfig) for RCC_SYSCLKConfig
    main.o(i.RCC_Configuration) refers to stm32f10x_rcc.o(i.RCC_GetSYSCLKSource) for RCC_GetSYSCLKSource
    main.o(i.RCC_Configuration) refers to stm32f10x_rcc.o(i.RCC_APB2PeriphClockCmd) for RCC_APB2PeriphClockCmd
    main.o(i.RCC_Configuration) refers to stm32f10x_rcc.o(i.RCC_AHBPeriphClockCmd) for RCC_AHBPeriphClockCmd
    main.o(i.RCC_Configuration) refers to main.o(.data) for HSEStartUpStatus
    main.o(i.main) refers to main.o(i.RCC_Configuration) for RCC_Configuration
    main.o(i.main) refers to main.o(i.NVIC_Configuration) for NVIC_Configuration
    main.o(i.main) refers to main.o(i.GPIOInit) for GPIOInit
    main.o(i.main) refers to rt_cmsis.o(i.osKernelRunning) for osKernelRunning
    main.o(i.main) refers to rt_cmsis.o(i.osKernelInitialize) for osKernelInitialize
    main.o(i.main) refers to main.o(i.Init_Thread) for Init_Thread
    main.o(i.main) refers to rt_cmsis.o(i.osKernelStart) for osKernelStart
    main.o(.constdata) refers to serial.o(i.taskSerial) for taskSerial
    serial.o(i.CRC_calculate) refers to serial.o(.data) for crc_OK
    serial.o(i.DMA1_Channel4_IRQHandler) refers to stm32f10x_dma.o(i.DMA_GetFlagStatus) for DMA_GetFlagStatus
    serial.o(i.DMA1_Channel4_IRQHandler) refers to stm32f10x_dma.o(i.DMA_ClearITPendingBit) for DMA_ClearITPendingBit
    serial.o(i.DMA1_Channel4_IRQHandler) refers to serial.o(.data) for serialStatus
    serial.o(i.DMA1_Channel5_IRQHandler) refers to stm32f10x_dma.o(i.DMA_GetFlagStatus) for DMA_GetFlagStatus
    serial.o(i.DMA1_Channel5_IRQHandler) refers to stm32f10x_dma.o(i.DMA_ITConfig) for DMA_ITConfig
    serial.o(i.DMA1_Channel5_IRQHandler) refers to stm32f10x_dma.o(i.DMA_ClearITPendingBit) for DMA_ClearITPendingBit
    serial.o(i.DMA1_Channel5_IRQHandler) refers to serial.o(.data) for serialStatus
    serial.o(i.NVIC_Configuration) refers to misc.o(i.NVIC_Init) for NVIC_Init
    serial.o(i.SerialRead) refers to serial.o(.bss) for RxBuffer
    serial.o(i.SerialRead) refers to serial.o(.data) for serialStatus
    serial.o(i.USART1_Init) refers to stm32f10x_usart.o(i.USART_DeInit) for USART_DeInit
    serial.o(i.USART1_Init) refers to stm32f10x_usart.o(i.USART_Init) for USART_Init
    serial.o(i.USART1_Init) refers to stm32f10x_usart.o(i.USART_Cmd) for USART_Cmd
    serial.o(i.USART1_Send) refers to stm32f10x_usart.o(i.USART_SendData) for USART_SendData
    serial.o(i.USART1_Send) refers to stm32f10x_usart.o(i.USART_GetFlagStatus) for USART_GetFlagStatus
    serial.o(i.USART1_SendByte) refers to stm32f10x_usart.o(i.USART_SendData) for USART_SendData
    serial.o(i.USART1_SendByte) refers to stm32f10x_usart.o(i.USART_GetFlagStatus) for USART_GetFlagStatus
    serial.o(i.USART1_SendDMA) refers to stm32f10x_dma.o(i.DMA_ITConfig) for DMA_ITConfig
    serial.o(i.USART1_SendDMA) refers to stm32f10x_dma.o(i.DMA_Cmd) for DMA_Cmd
    serial.o(i.USART1_SendDMA) refers to stm32f10x_dma.o(i.DMA_Init) for DMA_Init
    serial.o(i.USART1_SendDMA) refers to stm32f10x_usart.o(i.USART_DMACmd) for USART_DMACmd
    serial.o(i.USART1_SendDMA) refers to serial.o(.bss) for DMA_InitStructure
    serial.o(i.USART1_SendDMA) refers to serial.o(.data) for serialStatus
    serial.o(i.Usart1_WaitACK) refers to stm32f10x_dma.o(i.DMA_DeInit) for DMA_DeInit
[...]
    ../clib/signal.c                         0x00000000   Number         0  defsig_other.o ABSOLUTE
    ../clib/signal.c                         0x00000000   Number         0  defsig_abrt_inner.o ABSOLUTE
    ../clib/signal.c                         0x00000000   Number         0  defsig_rtred_inner.o ABSOLUTE
    ../clib/signal.c                         0x00000000   Number         0  defsig_rtmem_inner.o ABSOLUTE
    ../clib/signal.c                         0x00000000   Number         0  defsig_rtmem_outer.o ABSOLUTE
    ../clib/signal.c                         0x00000000   Number         0  defsig_exit.o ABSOLUTE
    ../clib/signal.c                         0x00000000   Number         0  defsig_rtmem_formal.o ABSOLUTE
    ../clib/signal.c                         0x00000000   Number         0  __raise.o ABSOLUTE
    ../clib/signal.c                         0x00000000   Number         0  defsig_fpe_formal.o ABSOLUTE
    ../clib/signal.s                         0x00000000   Number         0  defsig.o ABSOLUTE
    ../clib/stdlib.c                         0x00000000   Number         0  exit.o ABSOLUTE
    ../fplib/fpinit.s                        0x00000000   Number         0  fpinit.o ABSOLUTE
    ..\HAL_CM.c                              0x00000000   Number         0  hal_cm.o ABSOLUTE
    ..\\rt_CMSIS.c                           0x00000000   Number         0  rt_cmsis.o ABSOLUTE
    ..\\rt_System.c                          0x00000000   Number         0  rt_system.o ABSOLUTE
    ..\rt_CMSIS.c                            0x00000000   Number         0  rt_cmsis.o ABSOLUTE
    ..\rt_Event.c                            0x00000000   Number         0  rt_event.o ABSOLUTE
    ..\rt_List.c                             0x00000000   Number         0  rt_list.o ABSOLUTE
    ..\rt_Mailbox.c                          0x00000000   Number         0  rt_mailbox.o ABSOLUTE
    ..\rt_MemBox.c                           0x00000000   Number         0  rt_membox.o ABSOLUTE
    ..\rt_Memory.c                           0x00000000   Number         0  rt_memory.o ABSOLUTE
    ..\rt_Mutex.c                            0x00000000   Number         0  rt_mutex.o ABSOLUTE
    ..\rt_Robin.c                            0x00000000   Number         0  rt_robin.o ABSOLUTE
    ..\rt_Semaphore.c                        0x00000000   Number         0  rt_semaphore.o ABSOLUTE
    ..\rt_System.c                           0x00000000   Number         0  rt_system.o ABSOLUTE
    ..\rt_Task.c                             0x00000000   Number         0  rt_task.o ABSOLUTE
    ..\rt_Time.c                             0x00000000   Number         0  rt_time.o ABSOLUTE
    HAL_CM3.c                                0x00000000   Number         0  hal_cm3.o ABSOLUTE
    HAL_CM3.c                                0x00000000   Number         0  hal_cm3.o ABSOLUTE
    RTE\CMSIS\RTX_Conf_CM.c                  0x00000000   Number         0  rtx_conf_cm.o ABSOLUTE
    RTE\Device\STM32F103C8\startup_stm32f10x_md.s 0x00000000   Number         0  startup_stm32f10x_md.o ABSOLUTE
    RTE\Device\STM32F103C8\system_stm32f10x.c 0x00000000   Number         0  system_stm32f10x.o ABSOLUTE
    RTE\\CMSIS\\RTX_Conf_CM.c                0x00000000   Number         0  rtx_conf_cm.o ABSOLUTE
    RTE\\Device\\STM32F103C8\\system_stm32f10x.c 0x00000000   Number         0  system_stm32f10x.o ABSOLUTE
    STM32F10x_StdPeriph_Driver\\src\\misc.c  0x00000000   Number         0  misc.o ABSOLUTE
    STM32F10x_StdPeriph_Driver\\src\\stm32f10x_dma.c 0x00000000   Number         0  stm32f10x_dma.o ABSOLUTE
    STM32F10x_StdPeriph_Driver\\src\\stm32f10x_flash.c 0x00000000   Number         0  stm32f10x_flash.o ABSOLUTE
    STM32F10x_StdPeriph_Driver\\src\\stm32f10x_gpio.c 0x00000000   Number         0  stm32f10x_gpio.o ABSOLUTE
    STM32F10x_StdPeriph_Driver\\src\\stm32f10x_rcc.c 0x00000000   Number         0  stm32f10x_rcc.o ABSOLUTE
    STM32F10x_StdPeriph_Driver\\src\\stm32f10x_usart.c 0x00000000   Number         0  stm32f10x_usart.o ABSOLUTE
    STM32F10x_StdPeriph_Driver\src\misc.c    0x00000000   Number         0  misc.o ABSOLUTE
    STM32F10x_StdPeriph_Driver\src\stm32f10x_dma.c 0x00000000   Number         0  stm32f10x_dma.o ABSOLUTE
    STM32F10x_StdPeriph_Driver\src\stm32f10x_flash.c 0x00000000   Number         0  stm32f10x_flash.o ABSOLUTE
    STM32F10x_StdPeriph_Driver\src\stm32f10x_gpio.c 0x00000000   Number         0  stm32f10x_gpio.o ABSOLUTE
    STM32F10x_StdPeriph_Driver\src\stm32f10x_rcc.c 0x00000000   Number         0  stm32f10x_rcc.o ABSOLUTE
    STM32F10x_StdPeriph_Driver\src\stm32f10x_usart.c 0x00000000   Number         0  stm32f10x_usart.o ABSOLUTE
    SVC_Table.s                              0x00000000   Number         0  svc_table.o ABSOLUTE
    dc.s                                     0x00000000   Number         0  dc.o ABSOLUTE
    lcdm2000.c                               0x00000000   Number         0  lcdm2000.o ABSOLUTE
    lcdm2000.c                               0x00000000   Number         0  lcdm2000.o ABSOLUTE
    src\\main.c                              0x00000000   Number         0  main.o ABSOLUTE
    src\\serial.c                            0x00000000   Number         0  serial.o ABSOLUTE
    src\main.c                               0x00000000   Number         0  main.o ABSOLUTE
    src\serial.c                             0x00000000   Number         0  serial.o ABSOLUTE
    RESET                                    0x08000000   Section      236  startup_stm32f10x_md.o(RESET)
    !!!main                                  0x080000ec   Section        8  __main.o(!!!main)
    !!!scatter                               0x080000f4   Section       52  __scatter.o(!!!scatter)
    !!handler_copy                           0x08000128   Section       26  __scatter_copy.o(!!handler_copy)
    !!handler_zi                             0x08000144   Section       28  __scatter_zi.o(!!handler_zi)
    .ARM.Collect$$libinit$$00000000          0x08000160   Section        2  libinit.o(.ARM.Collect$$libinit$$00000000)
    .ARM.Collect$$libinit$$00000002          0x08000162   Section        0  libinit2.o(.ARM.Collect$$libinit$$00000002)
    .ARM.Collect$$libinit$$00000004          0x08000162   Section        0  libinit2.o(.ARM.Collect$$libinit$$00000004)
    .ARM.Collect$$libinit$$0000000A          0x08000162   Section        0  libinit2.o(.ARM.Collect$$libinit$$0000000A)
    .ARM.Collect$$libinit$$0000000C          0x08000162   Section        0  libinit2.o(.ARM.Collect$$libinit$$0000000C)
    .ARM.Collect$$libinit$$0000000E          0x08000162   Section        0  libinit2.o(.ARM.Collect$$libinit$$0000000E)
    .ARM.Collect$$libinit$$00000011          0x08000162   Section        0  libinit2.o(.ARM.Collect$$libinit$$00000011)
    .ARM.Collect$$libinit$$00000013          0x08000162   Section        0  libinit2.o(.ARM.Collect$$libinit$$00000013)
    .ARM.Collect$$libinit$$00000015          0x08000162   Section        0  libinit2.o(.ARM.Collect$$libinit$$00000015)
    .ARM.Collect$$libinit$$00000017          0x08000162   Section        0  libinit2.o(.ARM.Collect$$libinit$$00000017)
    .ARM.Collect$$libinit$$00000019          0x08000162   Section        0  libinit2.o(.ARM.Collect$$libinit$$00000019)
    .ARM.Collect$$libinit$$0000001B          0x08000162   Section        0  libinit2.o(.ARM.Collect$$libinit$$0000001B)
    .ARM.Collect$$libinit$$0000001D          0x08000162   Section        0  libinit2.o(.ARM.Collect$$libinit$$0000001D)
    .ARM.Collect$$libinit$$0000001F          0x08000162   Section        0  libinit2.o(.ARM.Collect$$libinit$$0000001F)
    .ARM.Collect$$libinit$$00000021          0x08000162   Section        0  libinit2.o(.ARM.Collect$$libinit$$00000021)
    .ARM.Collect$$libinit$$00000023          0x08000162   Section        0  libinit2.o(.ARM.Collect$$libinit$$00000023)
    .ARM.Collect$$libinit$$00000025          0x08000162   Section        0  libinit2.o(.ARM.Collect$$libinit$$00000025)
    .ARM.Collect$$libinit$$0000002C          0x08000162   Section        0  libinit2.o(.ARM.Collect$$libinit$$0000002C)
    .ARM.Collect$$libinit$$0000002E          0x08000162   Section        0  libinit2.o(.ARM.Collect$$libinit$$0000002E)
    .ARM.Collect$$libinit$$00000030          0x08000162   Section        0  libinit2.o(.ARM.Collect$$libinit$$00000030)
    .ARM.Collect$$libinit$$00000032          0x08000162   Section        0  libinit2.o(.ARM.Collect$$libinit$$00000032)
    .ARM.Collect$$libinit$$00000033          0x08000162   Section        2  libinit2.o(.ARM.Collect$$libinit$$00000033)
    .ARM.Collect$$libshutdown$$00000000      0x08000164   Section        2  libshutdown.o(.ARM.Collect$$libshutdown$$00000000)
    .ARM.Collect$$libshutdown$$00000002      0x08000166   Section        0  libshutdown2.o(.ARM.Collect$$libshutdown$$00000002)
    .ARM.Collect$$libshutdown$$00000004      0x08000166   Section        0  libshutdown2.o(.ARM.Collect$$libshutdown$$00000004)
    .ARM.Collect$$libshutdown$$00000007      0x08000166   Section        0  libshutdown2.o(.ARM.Collect$$libshutdown$$00000007)
    .ARM.Collect$$libshutdown$$0000000A      0x08000166   Section        0  libshutdown2.o(.ARM.Collect$$libshutdown$$0000000A)
    .ARM.Collect$$libshutdown$$0000000C      0x08000166   Section        0  libshutdown2.o(.ARM.Collect$$libshutdown$$0000000C)
    .ARM.Collect$$libshutdown$$0000000F      0x08000166   Section        0  libshutdown2.o(.ARM.Collect$$libshutdown$$0000000F)
    .ARM.Collect$$libshutdown$$00000010      0x08000166   Section        2  libshutdown2.o(.ARM.Collect$$libshutdown$$00000010)
    .ARM.Collect$$rtentry$$00000000          0x08000168   Section        0  __rtentry.o(.ARM.Collect$$rtentry$$00000000)
    .ARM.Collect$$rtentry$$00000002          0x08000168   Section        0  __rtentry2.o(.ARM.Collect$$rtentry$$00000002)
    .ARM.Collect$$rtentry$$00000004          0x08000168   Section        6  __rtentry4.o(.ARM.Collect$$rtentry$$00000004)
    .ARM.Collect$$rtentry$$00000009          0x0800016e   Section        0  __rtentry2.o(.ARM.Collect$$rtentry$$00000009)
    .ARM.Collect$$rtentry$$0000000A          0x0800016e   Section        4  __rtentry2.o(.ARM.Collect$$rtentry$$0000000A)
    .ARM.Collect$$rtentry$$0000000B          0x08000172   Section        8  __rtentry2.o(.ARM.Collect$$rtentry$$0000000B)
    .ARM.Collect$$rtentry$$0000000D          0x0800017a   Section        8  __rtentry2.o(.ARM.Collect$$rtentry$$0000000D)
    .ARM.Collect$$rtexit$$00000000           0x08000182   Section        2  rtexit.o(.ARM.Collect$$rtexit$$00000000)
    .ARM.Collect$$rtexit$$00000002           0x08000184   Section        0  rtexit2.o(.ARM.Collect$$rtexit$$00000002)
    .ARM.Collect$$rtexit$$00000003           0x08000184   Section        4  rtexit2.o(.ARM.Collect$$rtexit$$00000003)
    .ARM.Collect$$rtexit$$00000004           0x08000188   Section        6  rtexit2.o(.ARM.Collect$$rtexit$$00000004)
    .emb_text                                0x08000190   Section       28  rtx_conf_cm.o(.emb_text)
    .emb_text                                0x080001ac   Section      304  hal_cm3.o(.emb_text)
    .text                                    0x080002dc   Section       64  startup_stm32f10x_md.o(.text)
    .text                                    0x0800031c   Section        8  libspace.o(.text)
    .text                                    0x08000324   Section      238  lludivv7m.o(.text)
    .text                                    0x08000412   Section        0  exit.o(.text)
    .text                                    0x08000424   Section        0  heapauxi.o(.text)
    .text                                    0x0800042c   Section        0  sys_exit.o(.text)
    .text                                    0x08000438   Section       74  sys_stackheap_outer.o(.text)
    .text                                    0x08000482   Section        2  use_no_semi.o(.text)
    .text                                    0x08000484   Section        0  indicate_semi.o(.text)
    SVC_TABLE                                0x08000484   Section        4  svc_table.o(SVC_TABLE)
    i.CRC_calculate                          0x08000488   Section        0  serial.o(i.CRC_calculate)
    i.DMA1_Channel4_IRQHandler               0x080004a8   Section        0  serial.o(i.DMA1_Channel4_IRQHandler)
    i.DMA1_Channel5_IRQHandler               0x080004cc   Section        0  serial.o(i.DMA1_Channel5_IRQHandler)
    i.DMA_ClearITPendingBit                  0x08000514   Section        0  stm32f10x_dma.o(i.DMA_ClearITPendingBit)
    i.DMA_Cmd                                0x08000530   Section        0  stm32f10x_dma.o(i.DMA_Cmd)
    i.DMA_DeInit                             0x08000548   Section        0  stm32f10x_dma.o(i.DMA_DeInit)
    i.DMA_GetFlagStatus                      0x08000694   Section        0  stm32f10x_dma.o(i.DMA_GetFlagStatus)
    i.DMA_ITConfig                           0x080006c0   Section        0  stm32f10x_dma.o(i.DMA_ITConfig)
    i.DMA_Init                               0x080006d2   Section        0  stm32f10x_dma.o(i.DMA_Init)
    i.FLASH_PrefetchBufferCmd                0x08000710   Section        0  stm32f10x_flash.o(i.FLASH_PrefetchBufferCmd)
    i.FLASH_SetLatency                       0x0800072c   Section        0  stm32f10x_flash.o(i.FLASH_SetLatency)
    i.GPIOInit                               0x08000744   Section        0  main.o(i.GPIOInit)
    i.GPIO_Init                              0x08000798   Section        0  stm32f10x_gpio.o(i.GPIO_Init)
    i.Init_Thread                            0x080008b0   Section        0  main.o(i.Init_Thread)
    i.NVIC_Configuration                     0x080008d8   Section        0  main.o(i.NVIC_Configuration)
    NVIC_Configuration                       0x080008d9   Thumb Code     2  main.o(i.NVIC_Configuration)
    i.NVIC_Configuration                     0x080008da   Section        0  serial.o(i.NVIC_Configuration)
    NVIC_Configuration                       0x080008db   Thumb Code    60  serial.o(i.NVIC_Configuration)
    i.NVIC_Init                              0x08000918   Section        0  misc.o(i.NVIC_Init)
    i.RCC_AHBPeriphClockCmd                  0x08000988   Section        0  stm32f10x_rcc.o(i.RCC_AHBPeriphClockCmd)
    i.RCC_APB1PeriphResetCmd                 0x080009a8   Section        0  stm32f10x_rcc.o(i.RCC_APB1PeriphResetCmd)
    i.RCC_APB2PeriphClockCmd                 0x080009c8   Section        0  stm32f10x_rcc.o(i.RCC_APB2PeriphClockCmd)
    i.RCC_APB2PeriphResetCmd                 0x080009e8   Section        0  stm32f10x_rcc.o(i.RCC_APB2PeriphResetCmd)
    i.RCC_Configuration                      0x08000a08   Section        0  main.o(i.RCC_Configuration)
    RCC_Configuration                        0x08000a09   Thumb Code   132  main.o(i.RCC_Configuration)
    i.RCC_DeInit                             0x08000a90   Section        0  stm32f10x_rcc.o(i.RCC_DeInit)
    i.RCC_GetClocksFreq                      0x08000adc   Section        0  stm32f10x_rcc.o(i.RCC_GetClocksFreq)
    i.RCC_GetFlagStatus                      0x08000bb0   Section        0  stm32f10x_rcc.o(i.RCC_GetFlagStatus)
    i.RCC_GetSYSCLKSource                    0x08000bec   Section        0  stm32f10x_rcc.o(i.RCC_GetSYSCLKSource)
    i.RCC_HCLKConfig                         0x08000bfc   Section        0  stm32f10x_rcc.o(i.RCC_HCLKConfig)
    i.RCC_HSEConfig                          0x08000c14   Section        0  stm32f10x_rcc.o(i.RCC_HSEConfig)
    i.RCC_MCOConfig                          0x08000c60   Section        0  stm32f10x_rcc.o(i.RCC_MCOConfig)
    i.RCC_PCLK1Config                        0x08000c6c   Section        0  stm32f10x_rcc.o(i.RCC_PCLK1Config)
    i.RCC_PCLK2Config                        0x08000c84   Section        0  stm32f10x_rcc.o(i.RCC_PCLK2Config)
    i.RCC_PLLCmd                             0x08000c9c   Section        0  stm32f10x_rcc.o(i.RCC_PLLCmd)
    i.RCC_PLLConfig                          0x08000ca8   Section        0  stm32f10x_rcc.o(i.RCC_PLLConfig)
    i.RCC_SYSCLKConfig                       0x08000cc4   Section        0  stm32f10x_rcc.o(i.RCC_SYSCLKConfig)
    i.RCC_WaitForHSEStartUp                  0x08000cdc   Section        0  stm32f10x_rcc.o(i.RCC_WaitForHSEStartUp)
    i.SerialRead                             0x08000d14   Section        0  serial.o(i.SerialRead)
    i.SetSysClock                            0x08000d70   Section        0  system_stm32f10x.o(i.SetSysClock)
    SetSysClock                              0x08000d71   Thumb Code     8  system_stm32f10x.o(i.SetSysClock)
    i.SetSysClockTo72                        0x08000d78   Section        0  system_stm32f10x.o(i.SetSysClockTo72)
    SetSysClockTo72                          0x08000d79   Thumb Code   214  system_stm32f10x.o(i.SetSysClockTo72)
    i.SystemInit                             0x08000e58   Section        0  system_stm32f10x.o(i.SystemInit)
    i.USART1_IRQHandler                      0x08000eb8   Section        0  serial.o(i.USART1_IRQHandler)
    i.USART1_Init                            0x08000ebc   Section        0  serial.o(i.USART1_Init)
    i.USART1_SendDMA                         0x08000ef8   Section        0  serial.o(i.USART1_SendDMA)
    i.USART_Cmd                              0x08000f78   Section        0  stm32f10x_usart.o(i.USART_Cmd)
    i.USART_DMACmd                           0x08000f90   Section        0  stm32f10x_usart.o(i.USART_DMACmd)
    i.USART_DeInit                           0x08000fa4   Section        0  stm32f10x_usart.o(i.USART_DeInit)
    i.USART_Init                             0x08001040   Section        0  stm32f10x_usart.o(i.USART_Init)
    i.USART_SendData                         0x080010e0   Section        0  stm32f10x_usart.o(i.USART_SendData)
    i.Usart1_WaitACK                         0x080010e8   Section        0  serial.o(i.Usart1_WaitACK)
    i.Usart1_WaitRx                          0x08001154   Section        0  serial.o(i.Usart1_WaitRx)
    i._init_box                              0x080011c0   Section        0  rt_membox.o(i._init_box)
    i._mutex_acquire                         0x08001208   Section        0  rtx_conf_cm.o(i._mutex_acquire)
    __tagsym$$used                           0x08001209   Number         0  rtx_conf_cm.o(i._mutex_acquire)
    i._mutex_release                         0x08001228   Section        0  rtx_conf_cm.o(i._mutex_release)
    __tagsym$$used                           0x08001229   Number         0  rtx_conf_cm.o(i._mutex_release)
    i.dbg_init                               0x08001244   Section        0  hal_cm.o(i.dbg_init)
    i.dbg_task_notify                        0x08001274   Section        0  hal_cm.o(i.dbg_task_notify)
    i.dbg_task_switch                        0x08001294   Section        0  hal_cm.o(i.dbg_task_switch)
    i.isrMessageGet                          0x080012a4   Section        0  rt_cmsis.o(i.isrMessageGet)
    i.isrMessagePut                          0x080012ce   Section        0  rt_cmsis.o(i.isrMessagePut)
    i.isr_mbx_receive                        0x080012fc   Section        0  rt_mailbox.o(i.isr_mbx_receive)
    i.isr_mbx_send                           0x08001352   Section        0  rt_mailbox.o(i.isr_mbx_send)
    i.main                                   0x08001360   Section        0  main.o(i.main)
    i.osKernelInitialize                     0x08001388   Section        0  rt_cmsis.o(i.osKernelInitialize)
    i.osKernelRunning                        0x080013ac   Section        0  rt_cmsis.o(i.osKernelRunning)
    i.osKernelStart                          0x080013d0   Section        0  rt_cmsis.o(i.osKernelStart)
    i.osMessageGet                           0x0800143c   Section        0  rt_cmsis.o(i.osMessageGet)
    i.osThreadCreate                         0x08001454   Section        0  rt_cmsis.o(i.osThreadCreate)
    i.osThreadExit                           0x08001480   Section        0  rt_cmsis.o(i.osThreadExit)
    i.osTimerCall                            0x08001498   Section        0  rt_cmsis.o(i.osTimerCall)
    i.osTimerCreate                          0x080014a4   Section        0  rt_cmsis.o(i.osTimerCreate)
    i.osTimerStart                           0x080014d0   Section        0  rt_cmsis.o(i.osTimerStart)
    i.osTimerStop                            0x080014e8   Section        0  rt_cmsis.o(i.osTimerStop)
    i.osTimerThread                          0x08001500   Section        0  rt_cmsis.o(i.osTimerThread)
    i.os_error                               0x0800152c   Section        0  rtx_conf_cm.o(i.os_error)
    i.os_idle_demon                          0x0800154e   Section        0  rtx_conf_cm.o(i.os_idle_demon)
    i.os_tick_init                           0x08001554   Section        0  rt_system.o(i.os_tick_init)
    i.os_tick_irqack                         0x0800157c   Section        0  rt_system.o(i.os_tick_irqack)
    i.rt_alloc_box                           0x0800157e   Section        0  rt_membox.o(i.rt_alloc_box)
    i.rt_alloc_mem                           0x08001598   Section        0  rt_memory.o(i.rt_alloc_mem)
    i.rt_block                               0x080015d8   Section        0  rt_task.o(i.rt_block)
    i.rt_chk_robin                           0x08001610   Section        0  rt_robin.o(i.rt_chk_robin)
    i.rt_dec_dly                             0x08001658   Section        0  rt_list.o(i.rt_dec_dly)
    i.rt_dispatch                            0x080016c8   Section        0  rt_task.o(i.rt_dispatch)
    i.rt_evt_psh                             0x0800170c   Section        0  rt_event.o(i.rt_evt_psh)
    i.rt_free_box                            0x0800175c   Section        0  rt_membox.o(i.rt_free_box)
    i.rt_free_mem                            0x08001788   Section        0  rt_memory.o(i.rt_free_mem)
    i.rt_get_first                           0x080017b0   Section        0  rt_list.o(i.rt_get_first)
    i.rt_id2obj                              0x080017d8   Section        0  rt_cmsis.o(i.rt_id2obj)
    rt_id2obj                                0x080017d9   Thumb Code     8  rt_cmsis.o(i.rt_id2obj)
    i.rt_init_context                        0x080017e0   Section        0  rt_task.o(i.rt_init_context)
    rt_init_context                          0x080017e1   Thumb Code    66  rt_task.o(i.rt_init_context)
    i.rt_init_mem                            0x08001828   Section        0  rt_memory.o(i.rt_init_mem)
    i.rt_init_robin                          0x08001844   Section        0  rt_robin.o(i.rt_init_robin)
    i.rt_init_stack                          0x0800185c   Section        0  hal_cm.o(i.rt_init_stack)
    i.rt_mbx_check                           0x080018dc   Section        0  rt_mailbox.o(i.rt_mbx_check)
    i.rt_mbx_init                            0x080018e4   Section        0  rt_mailbox.o(i.rt_mbx_init)
    i.rt_mbx_psh                             0x08001900   Section        0  rt_mailbox.o(i.rt_mbx_psh)
    i.rt_mbx_wait                            0x080019f0   Section        0  rt_mailbox.o(i.rt_mbx_wait)
    i.rt_ms2tick                             0x08001aa4   Section        0  rt_cmsis.o(i.rt_ms2tick)
    rt_ms2tick                               0x08001aa5   Thumb Code    58  rt_cmsis.o(i.rt_ms2tick)
    i.rt_mut_release                         0x08001ae8   Section        0  rt_mutex.o(i.rt_mut_release)
    i.rt_mut_wait                            0x08001bc0   Section        0  rt_mutex.o(i.rt_mut_wait)
    i.rt_pop_req                             0x08001c38   Section        0  rt_system.o(i.rt_pop_req)
    i.rt_psh_req                             0x08001cb4   Section        0  rt_system.o(i.rt_psh_req)
    i.rt_psq_enq                             0x08001cd4   Section        0  rt_list.o(i.rt_psq_enq)
    i.rt_put_dly                             0x08001d30   Section        0  rt_list.o(i.rt_put_dly)
    i.rt_put_prio                            0x08001d78   Section        0  rt_list.o(i.rt_put_prio)
    i.rt_put_rdy_first                       0x08001db0   Section        0  rt_list.o(i.rt_put_rdy_first)
    i.rt_resort_prio                         0x08001dc4   Section        0  rt_list.o(i.rt_resort_prio)
    i.rt_ret_val                             0x08001df8   Section        0  hal_cm.o(i.rt_ret_val)
    i.rt_ret_val2                            0x08001dfe   Section        0  hal_cm.o(i.rt_ret_val2)
    i.rt_rmv_dly                             0x08001e06   Section        0  rt_list.o(i.rt_rmv_dly)
    i.rt_rmv_list                            0x08001e30   Section        0  rt_list.o(i.rt_rmv_list)
    i.rt_sem_psh                             0x08001e60   Section        0  rt_semaphore.o(i.rt_sem_psh)
    i.rt_stk_check                           0x08001e94   Section        0  rt_system.o(i.rt_stk_check)
    i.rt_switch_req                          0x08001eb8   Section        0  rt_task.o(i.rt_switch_req)
    i.rt_sys_init                            0x08001ee0   Section        0  rt_task.o(i.rt_sys_init)
    i.rt_sys_start                           0x08001fac   Section        0  rt_task.o(i.rt_sys_start)
    i.rt_systick                             0x08002024   Section        0  rt_system.o(i.rt_systick)
    i.rt_tid2ptcb                            0x08002064   Section        0  rt_cmsis.o(i.rt_tid2ptcb)
    rt_tid2ptcb                              0x08002065   Thumb Code    18  rt_cmsis.o(i.rt_tid2ptcb)
    i.rt_timer_insert                        0x08002078   Section        0  rt_cmsis.o(i.rt_timer_insert)
    rt_timer_insert                          0x08002079   Thumb Code    48  rt_cmsis.o(i.rt_timer_insert)
    i.rt_timer_remove                        0x080020ac   Section        0  rt_cmsis.o(i.rt_timer_remove)
    rt_timer_remove                          0x080020ad   Thumb Code    56  rt_cmsis.o(i.rt_timer_remove)
    i.rt_tsk_create                          0x080020e8   Section        0  rt_task.o(i.rt_tsk_create)
    i.rt_tsk_delete                          0x08002170   Section        0  rt_task.o(i.rt_tsk_delete)
    i.rt_tsk_prio                            0x080022ec   Section        0  rt_task.o(i.rt_tsk_prio)
    i.rt_tsk_self                            0x08002368   Section        0  rt_task.o(i.rt_tsk_self)
    i.svcKernelInitialize                    0x08002378   Section        0  rt_cmsis.o(i.svcKernelInitialize)
    i.svcKernelRunning                       0x080023e8   Section        0  rt_cmsis.o(i.svcKernelRunning)
    i.svcKernelStart                         0x080023f4   Section        0  rt_cmsis.o(i.svcKernelStart)
    i.svcMessageCreate                       0x0800243c   Section        0  rt_cmsis.o(i.svcMessageCreate)
    i.svcMessageGet                          0x08002460   Section        0  rt_cmsis.o(i.svcMessageGet)
    i.svcThreadCreate                        0x0800249c   Section        0  rt_cmsis.o(i.svcThreadCreate)
    i.svcThreadGetId                         0x08002508   Section        0  rt_cmsis.o(i.svcThreadGetId)
    i.svcThreadTerminate                     0x08002524   Section        0  rt_cmsis.o(i.svcThreadTerminate)
    i.svcTimerCall                           0x0800255c   Section        0  rt_cmsis.o(i.svcTimerCall)
    i.svcTimerCreate                         0x08002574   Section        0  rt_cmsis.o(i.svcTimerCreate)
    i.svcTimerStart                          0x080025ac   Section        0  rt_cmsis.o(i.svcTimerStart)
    i.svcTimerStop                           0x08002610   Section        0  rt_cmsis.o(i.svcTimerStop)
    i.sysTimerTick                           0x08002634   Section        0  rt_cmsis.o(i.sysTimerTick)
    i.taskSerial                             0x08002690   Section        0  serial.o(i.taskSerial)
    .constdata                               0x080027e8   Section       16  main.o(.constdata)
    .constdata                               0x080027f8   Section        8  serial.o(.constdata)
    .constdata                               0x08002800   Section      104  rtx_conf_cm.o(.constdata)
    __tagsym$$used                           0x0800281c   Number         0  rtx_conf_cm.o(.constdata)
    __tagsym$$used                           0x08002820   Number         0  rtx_conf_cm.o(.constdata)
    __tagsym$$used                           0x08002824   Number         0  rtx_conf_cm.o(.constdata)
    __tagsym$$used                           0x08002828   Number         0  rtx_conf_cm.o(.constdata)
    .data                                    0x20000000   Section       14  main.o(.data)
    .data                                    0x20000010   Section       13  serial.o(.data)
    .data                                    0x2000001d   Section       14  lcdm2000.o(.data)
    .data                                    0x2000002b   Section       20  stm32f10x_rcc.o(.data)
    APBAHBPrescTable                         0x2000002b   Data          16  stm32f10x_rcc.o(.data)
    ADCPrescTable                            0x2000003b   Data           4  stm32f10x_rcc.o(.data)
    .data                                    0x20000040   Section       20  rtx_conf_cm.o(.data)
    nr_mutex                                 0x20000050   Data           4  rtx_conf_cm.o(.data)
    .data                                    0x20000054   Section        8  rt_cmsis.o(.data)
    .data                                    0x2000005c   Section        8  rt_task.o(.data)
    .data                                    0x20000064   Section        8  rt_system.o(.data)
    os_lock                                  0x20000064   Data           1  rt_system.o(.data)
    os_psh_flag                              0x20000065   Data           1  rt_system.o(.data)
    pend_flags                               0x20000066   Data           1  rt_system.o(.data)
    .data                                    0x2000006c   Section        4  rt_time.o(.data)
    .data                                    0x20000070   Section        8  rt_robin.o(.data)
    .data                                    0x20000078   Section        1  hal_cm.o(.data)
    .bss                                     0x2000007c   Section      128  serial.o(.bss)
    .bss                                     0x20000100   Section     3016  rtx_conf_cm.o(.bss)
    std_libspace                             0x200009a8   Data         672  rtx_conf_cm.o(.bss)
    std_libmutex                             0x20000c48   Data         128  rtx_conf_cm.o(.bss)
    .bss                                     0x20000cc8   Section       52  rt_task.o(.bss)
    .bss                                     0x20000cfc   Section       48  rt_list.o(.bss)
    .bss                                     0x20000d2c   Section       96  libspace.o(.bss)
    HEAP                                     0x20000d90   Section      512  startup_stm32f10x_md.o(HEAP)
    Heap_Mem                                 0x20000d90   Data         512  startup_stm32f10x_md.o(HEAP)
    STACK                                    0x20000f90   Section     1024  startup_stm32f10x_md.o(STACK)
    Stack_Mem                                0x20000f90   Data        1024  startup_stm32f10x_md.o(STACK)
    __initial_sp                             0x20001390   Data           0  startup_stm32f10x_md.o(STACK)

    Global Symbols

    Symbol Name                              Value     Ov Type        Size  Object(Section)

    BuildAttributes$$THM_ISAv4$P$D$K$B$S$PE$A:L22UL41UL21$X:L11$S22US41US21$IEEE1$IW$USESV6$~STKCKD$USESV7$~SHL$OSPACE$ROPI$EBA8$UX$STANDARDLIB$REQ8$PRES8$EABIv2 0x00000000   Number         0  anon$$obj.o ABSOLUTE
    __ARM_use_no_argv                        0x00000000   Number         0  main.o ABSOLUTE
    __ARM_exceptions_init                     - Undefined Weak Reference
    __alloca_initialize                       - Undefined Weak Reference
    __arm_preinit_                            - Undefined Weak Reference
    __cpp_initialize__aeabi_                  - Undefined Weak Reference
    __cxa_finalize                            - Undefined Weak Reference
    __rt_locale                               - Undefined Weak Reference
    __sigvec_lookup                           - Undefined Weak Reference
    _atexit_init                              - Undefined Weak Reference
    _call_atexit_fns                          - Undefined Weak Reference
    _clock_init                               - Undefined Weak Reference
    _fp_trap_init                             - Undefined Weak Reference
    _fp_trap_shutdown                         - Undefined Weak Reference
    _get_lc_collate                           - Undefined Weak Reference
    _get_lc_ctype                             - Undefined Weak Reference
    _get_lc_monetary                          - Undefined Weak Reference
    _get_lc_numeric                           - Undefined Weak Reference
    _get_lc_time                              - Undefined Weak Reference
    _getenv_init                              - Undefined Weak Reference
    _handle_redirection                       - Undefined Weak Reference
    _init_alloc                               - Undefined Weak Reference
    _init_user_alloc                          - Undefined Weak Reference
    _initio                                   - Undefined Weak Reference
    _rand_init                                - Undefined Weak Reference
    _signal_finish                            - Undefined Weak Reference
    _signal_init                              - Undefined Weak Reference
    _terminate_alloc                          - Undefined Weak Reference
    _terminate_user_alloc                     - Undefined Weak Reference
    _terminateio                              - Undefined Weak Reference
    __Vectors_Size                           0x000000ec   Number         0  startup_stm32f10x_md.o ABSOLUTE
    __RL_RTX_VER                             0x00000482   Number         0  rt_system.o ABSOLUTE
    __Vectors                                0x08000000   Data           4  startup_stm32f10x_md.o(RESET)
    __Vectors_End                            0x080000ec   Data           0  startup_stm32f10x_md.o(RESET)
    __main                                   0x080000ed   Thumb Code     8  __main.o(!!!main)
    __scatterload                            0x080000f5   Thumb Code     0  __scatter.o(!!!scatter)
    __scatterload_rt2                        0x080000f5   Thumb Code    44  __scatter.o(!!!scatter)
    __scatterload_rt2_thumb_only             0x080000f5   Thumb Code     0  __scatter.o(!!!scatter)
    __scatterload_null                       0x08000103   Thumb Code     0  __scatter.o(!!!scatter)
    __scatterload_copy                       0x08000129   Thumb Code    26  __scatter_copy.o(!!handler_copy)
    __scatterload_zeroinit                   0x08000145   Thumb Code    28  __scatter_zi.o(!!handler_zi)
    __rt_lib_init                            0x08000161   Thumb Code     0  libinit.o(.ARM.Collect$$libinit$$00000000)
    __rt_lib_init_alloca_1                   0x08000163   Thumb Code     0  libinit2.o(.ARM.Collect$$libinit$$0000002E)
    __rt_lib_init_argv_1                     0x08000163   Thumb Code     0  libinit2.o(.ARM.Collect$$libinit$$0000002C)
    __rt_lib_init_atexit_1                   0x08000163   Thumb Code     0  libinit2.o(.ARM.Collect$$libinit$$0000001B)
    __rt_lib_init_clock_1                    0x08000163   Thumb Code     0  libinit2.o(.ARM.Collect$$libinit$$00000021)
    __rt_lib_init_cpp_1                      0x08000163   Thumb Code     0  libinit2.o(.ARM.Collect$$libinit$$00000032)
    __rt_lib_init_exceptions_1               0x08000163   Thumb Code     0  libinit2.o(.ARM.Collect$$libinit$$00000030)
    __rt_lib_init_fp_1                       0x08000163   Thumb Code     0  libinit2.o(.ARM.Collect$$libinit$$00000002)
    __rt_lib_init_fp_trap_1                  0x08000163   Thumb Code     0  libinit2.o(.ARM.Collect$$libinit$$0000001F)
    __rt_lib_init_getenv_1                   0x08000163   Thumb Code     0  libinit2.o(.ARM.Collect$$libinit$$00000023)
    __rt_lib_init_heap_1                     0x08000163   Thumb Code     0  libinit2.o(.ARM.Collect$$libinit$$0000000A)
    __rt_lib_init_lc_collate_1               0x08000163   Thumb Code     0  libinit2.o(.ARM.Collect$$libinit$$00000011)
    __rt_lib_init_lc_ctype_1                 0x08000163   Thumb Code     0  libinit2.o(.ARM.Collect$$libinit$$00000013)
    __rt_lib_init_lc_monetary_1              0x08000163   Thumb Code     0  libinit2.o(.ARM.Collect$$libinit$$00000015)
    __rt_lib_init_lc_numeric_1               0x08000163   Thumb Code     0  libinit2.o(.ARM.Collect$$libinit$$00000017)
    __rt_lib_init_lc_time_1                  0x08000163   Thumb Code     0  libinit2.o(.ARM.Collect$$libinit$$00000019)
    __rt_lib_init_preinit_1                  0x08000163   Thumb Code     0  libinit2.o(.ARM.Collect$$libinit$$00000004)
    __rt_lib_init_rand_1                     0x08000163   Thumb Code     0  libinit2.o(.ARM.Collect$$libinit$$0000000E)
    __rt_lib_init_return                     0x08000163   Thumb Code     0  libinit2.o(.ARM.Collect$$libinit$$00000033)
    __rt_lib_init_signal_1                   0x08000163   Thumb Code     0  libinit2.o(.ARM.Collect$$libinit$$0000001D)
    __rt_lib_init_stdio_1                    0x08000163   Thumb Code     0  libinit2.o(.ARM.Collect$$libinit$$00000025)
    __rt_lib_init_user_alloc_1               0x08000163   Thumb Code     0  libinit2.o(.ARM.Collect$$libinit$$0000000C)
    __rt_lib_shutdown                        0x08000165   Thumb Code     0  libshutdown.o(.ARM.Collect$$libshutdown$$00000000)
    __rt_lib_shutdown_cpp_1                  0x08000167   Thumb Code     0  libshutdown2.o(.ARM.Collect$$libshutdown$$00000002)
    __rt_lib_shutdown_fp_trap_1              0x08000167   Thumb Code     0  libshutdown2.o(.ARM.Collect$$libshutdown$$00000007)
    __rt_lib_shutdown_heap_1                 0x08000167   Thumb Code     0  libshutdown2.o(.ARM.Collect$$libshutdown$$0000000F)
    __rt_lib_shutdown_return                 0x08000167   Thumb Code     0  libshutdown2.o(.ARM.Collect$$libshutdown$$00000010)
    __rt_lib_shutdown_signal_1               0x08000167   Thumb Code     0  libshutdown2.o(.ARM.Collect$$libshutdown$$0000000A)
    __rt_lib_shutdown_stdio_1                0x08000167   Thumb Code     0  libshutdown2.o(.ARM.Collect$$libshutdown$$00000004)
    __rt_lib_shutdown_user_alloc_1           0x08000167   Thumb Code     0  libshutdown2.o(.ARM.Collect$$libshutdown$$0000000C)
    __rt_entry                               0x08000169   Thumb Code     0  __rtentry.o(.ARM.Collect$$rtentry$$00000000)
    __rt_entry_presh_1                       0x08000169   Thumb Code     0  __rtentry2.o(.ARM.Collect$$rtentry$$00000002)
    __rt_entry_sh                            0x08000169   Thumb Code     0  __rtentry4.o(.ARM.Collect$$rtentry$$00000004)
    __rt_entry_li                            0x0800016f   Thumb Code     0  __rtentry2.o(.ARM.Collect$$rtentry$$0000000A)
    __rt_entry_postsh_1                      0x0800016f   Thumb Code     0  __rtentry2.o(.ARM.Collect$$rtentry$$00000009)
    __rt_entry_postli_1                      0x08000173   Thumb Code     0  __rtentry2.o(.ARM.Collect$$rtentry$$0000000B)
    __rt_entry_main                          0x0800017b   Thumb Code     0  __rtentry2.o(.ARM.Collect$$rtentry$$0000000D)
    __rt_exit                                0x08000183   Thumb Code     0  rtexit.o(.ARM.Collect$$rtexit$$00000000)
    __rt_exit_ls                             0x08000185   Thumb Code     0  rtexit2.o(.ARM.Collect$$rtexit$$00000003)
    __rt_exit_prels_1                        0x08000185   Thumb Code     0  rtexit2.o(.ARM.Collect$$rtexit$$00000002)
    __rt_exit_exit                           0x08000189   Thumb Code     0  rtexit2.o(.ARM.Collect$$rtexit$$00000004)
    _platform_post_lib_init                  0x08000191   Thumb Code    24  rtx_conf_cm.o(.emb_text)
    rt_set_PSP                               0x080001ad   Thumb Code     6  hal_cm3.o(.emb_text)
    rt_get_PSP                               0x080001b3   Thumb Code     6  hal_cm3.o(.emb_text)
    os_set_env                               0x080001b9   Thumb Code    24  hal_cm3.o(.emb_text)
    _alloc_box                               0x080001d5   Thumb Code    28  hal_cm3.o(.emb_text)
    _free_box                                0x080001f5   Thumb Code    28  hal_cm3.o(.emb_text)
    SVC_Handler                              0x08000215   Thumb Code   108  hal_cm3.o(.emb_text)
    PendSV_Handler                           0x0800028d   Thumb Code    56  hal_cm3.o(.emb_text)
    SysTick_Handler                          0x080002c9   Thumb Code     8  hal_cm3.o(.emb_text)
    OS_Tick_Handler                          0x080002d1   Thumb Code    12  hal_cm3.o(.emb_text)
    Reset_Handler                            0x080002dd   Thumb Code     8  startup_stm32f10x_md.o(.text)
    NMI_Handler                              0x080002e5   Thumb Code     2  startup_stm32f10x_md.o(.text)
    HardFault_Handler                        0x080002e7   Thumb Code     2  startup_stm32f10x_md.o(.text)
    MemManage_Handler                        0x080002e9   Thumb Code     2  startup_stm32f10x_md.o(.text)
    BusFault_Handler                         0x080002eb   Thumb Code     2  startup_stm32f10x_md.o(.text)
    UsageFault_Handler                       0x080002ed   Thumb Code     2  startup_stm32f10x_md.o(.text)
    DebugMon_Handler                         0x080002f1   Thumb Code     2  startup_stm32f10x_md.o(.text)
    ADC1_2_IRQHandler                        0x080002f7   Thumb Code     0  startup_stm32f10x_md.o(.text)
    CAN1_RX1_IRQHandler                      0x080002f7   Thumb Code     0  startup_stm32f10x_md.o(.text)
    CAN1_SCE_IRQHandler                      0x080002f7   Thumb Code     0  startup_stm32f10x_md.o(.text)
    DMA1_Channel1_IRQHandler                 0x080002f7   Thumb Code     0  startup_stm32f10x_md.o(.text)
    DMA1_Channel2_IRQHandler                 0x080002f7   Thumb Code     0  startup_stm32f10x_md.o(.text)
    DMA1_Channel3_IRQHandler                 0x080002f7   Thumb Code     0  startup_stm32f10x_md.o(.text)
    DMA1_Channel6_IRQHandler                 0x080002f7   Thumb Code     0  startup_stm32f10x_md.o(.text)
    DMA1_Channel7_IRQHandler                 0x080002f7   Thumb Code     0  startup_stm32f10x_md.o(.text)
    EXTI0_IRQHandler                         0x080002f7   Thumb Code     0  startup_stm32f10x_md.o(.text)
    EXTI15_10_IRQHandler                     0x080002f7   Thumb Code     0  startup_stm32f10x_md.o(.text)
    EXTI1_IRQHandler                         0x080002f7   Thumb Code     0  startup_stm32f10x_md.o(.text)
    EXTI2_IRQHandler                         0x080002f7   Thumb Code     0  startup_stm32f10x_md.o(.text)
    EXTI3_IRQHandler                         0x080002f7   Thumb Code     0  startup_stm32f10x_md.o(.text)
    EXTI4_IRQHandler                         0x080002f7   Thumb Code     0  startup_stm32f10x_md.o(.text)
    EXTI9_5_IRQHandler                       0x080002f7   Thumb Code     0  startup_stm32f10x_md.o(.text)
    FLASH_IRQHandler                         0x080002f7   Thumb Code     0  startup_stm32f10x_md.o(.text)
    I2C1_ER_IRQHandler                       0x080002f7   Thumb Code     0  startup_stm32f10x_md.o(.text)
    I2C1_EV_IRQHandler                       0x080002f7   Thumb Code     0  startup_stm32f10x_md.o(.text)
    I2C2_ER_IRQHandler                       0x080002f7   Thumb Code     0  startup_stm32f10x_md.o(.text)
    I2C2_EV_IRQHandler                       0x080002f7   Thumb Code     0  startup_stm32f10x_md.o(.text)
    PVD_IRQHandler                           0x080002f7   Thumb Code     0  startup_stm32f10x_md.o(.text)
    RCC_IRQHandler                           0x080002f7   Thumb Code     0  startup_stm32f10x_md.o(.text)
    RTCAlarm_IRQHandler                      0x080002f7   Thumb Code     0  startup_stm32f10x_md.o(.text)
    RTC_IRQHandler                           0x080002f7   Thumb Code     0  startup_stm32f10x_md.o(.text)
    SPI1_IRQHandler                          0x080002f7   Thumb Code     0  startup_stm32f10x_md.o(.text)
    SPI2_IRQHandler                          0x080002f7   Thumb Code     0  startup_stm32f10x_md.o(.text)
    TAMPER_IRQHandler                        0x080002f7   Thumb Code     0  startup_stm32f10x_md.o(.text)
    TIM1_BRK_IRQHandler                      0x080002f7   Thumb Code     0  startup_stm32f10x_md.o(.text)
    TIM1_CC_IRQHandler                       0x080002f7   Thumb Code     0  startup_stm32f10x_md.o(.text)
    TIM1_TRG_COM_IRQHandler                  0x080002f7   Thumb Code     0  startup_stm32f10x_md.o(.text)
    TIM1_UP_IRQHandler                       0x080002f7   Thumb Code     0  startup_stm32f10x_md.o(.text)
    TIM2_IRQHandler                          0x080002f7   Thumb Code     0  startup_stm32f10x_md.o(.text)
    TIM3_IRQHandler                          0x080002f7   Thumb Code     0  startup_stm32f10x_md.o(.text)
    TIM4_IRQHandler                          0x080002f7   Thumb Code     0  startup_stm32f10x_md.o(.text)
    USART2_IRQHandler                        0x080002f7   Thumb Code     0  startup_stm32f10x_md.o(.text)
    USART3_IRQHandler                        0x080002f7   Thumb Code     0  startup_stm32f10x_md.o(.text)
    USBWakeUp_IRQHandler                     0x080002f7   Thumb Code     0  startup_stm32f10x_md.o(.text)
    USB_HP_CAN1_TX_IRQHandler                0x080002f7   Thumb Code     0  startup_stm32f10x_md.o(.text)
    USB_LP_CAN1_RX0_IRQHandler               0x080002f7   Thumb Code     0  startup_stm32f10x_md.o(.text)
    WWDG_IRQHandler                          0x080002f7   Thumb Code     0  startup_stm32f10x_md.o(.text)
    __user_initial_stackheap                 0x080002f9   Thumb Code     0  startup_stm32f10x_md.o(.text)
    __user_libspace                          0x0800031d   Thumb Code     8  libspace.o(.text)
    __user_perproc_libspace                  0x0800031d   Thumb Code     0  libspace.o(.text)
    __aeabi_uldivmod                         0x08000325   Thumb Code     0  lludivv7m.o(.text)
    _ll_udiv                                 0x08000325   Thumb Code   238  lludivv7m.o(.text)
    exit                                     0x08000413   Thumb Code    18  exit.o(.text)
    __use_two_region_memory                  0x08000425   Thumb Code     2  heapauxi.o(.text)
    __rt_heap_escrow$2region                 0x08000427   Thumb Code     2  heapauxi.o(.text)
    __rt_heap_expand$2region                 0x08000429   Thumb Code     2  heapauxi.o(.text)
    _sys_exit                                0x0800042d   Thumb Code     8  sys_exit.o(.text)
    __user_setup_stackheap                   0x08000439   Thumb Code    74  sys_stackheap_outer.o(.text)
    __I$use$semihosting                      0x08000483   Thumb Code     0  use_no_semi.o(.text)
    __use_no_semihosting_swi                 0x08000483   Thumb Code     2  use_no_semi.o(.text)
    SVC_Count                                0x08000484   Data           4  svc_table.o(SVC_TABLE)
    __semihosting_library_function           0x08000485   Thumb Code     0  indicate_semi.o(.text)
    CRC_calculate                            0x08000489   Thumb Code    26  serial.o(i.CRC_calculate)
    SVC_Table                                0x08000488   Data           0  svc_table.o(SVC_TABLE)
    DMA1_Channel4_IRQHandler                 0x080004a9   Thumb Code    30  serial.o(i.DMA1_Channel4_IRQHandler)
    DMA1_Channel5_IRQHandler                 0x080004cd   Thumb Code    64  serial.o(i.DMA1_Channel5_IRQHandler)
    DMA_ClearITPendingBit                    0x08000515   Thumb Code    18  stm32f10x_dma.o(i.DMA_ClearITPendingBit)
    DMA_Cmd                                  0x08000531   Thumb Code    22  stm32f10x_dma.o(i.DMA_Cmd)
    DMA_DeInit                               0x08000549   Thumb Code   322  stm32f10x_dma.o(i.DMA_DeInit)
    DMA_GetFlagStatus                        0x08000695   Thumb Code    36  stm32f10x_dma.o(i.DMA_GetFlagStatus)
    DMA_ITConfig                             0x080006c1   Thumb Code    18  stm32f10x_dma.o(i.DMA_ITConfig)
    DMA_Init                                 0x080006d3   Thumb Code    60  stm32f10x_dma.o(i.DMA_Init)
    FLASH_PrefetchBufferCmd                  0x08000711   Thumb Code    22  stm32f10x_flash.o(i.FLASH_PrefetchBufferCmd)
    FLASH_SetLatency                         0x0800072d   Thumb Code    18  stm32f10x_flash.o(i.FLASH_SetLatency)
    GPIOInit                                 0x08000745   Thumb Code    74  main.o(i.GPIOInit)
    GPIO_Init                                0x08000799   Thumb Code   278  stm32f10x_gpio.o(i.GPIO_Init)
    Init_Thread                              0x080008b1   Thumb Code    30  main.o(i.Init_Thread)
    NVIC_Init                                0x08000919   Thumb Code   100  misc.o(i.NVIC_Init)
    RCC_AHBPeriphClockCmd                    0x08000989   Thumb Code    26  stm32f10x_rcc.o(i.RCC_AHBPeriphClockCmd)
    RCC_APB1PeriphResetCmd                   0x080009a9   Thumb Code    26  stm32f10x_rcc.o(i.RCC_APB1PeriphResetCmd)
    RCC_APB2PeriphClockCmd                   0x080009c9   Thumb Code    26  stm32f10x_rcc.o(i.RCC_APB2PeriphClockCmd)
    RCC_APB2PeriphResetCmd                   0x080009e9   Thumb Code    26  stm32f10x_rcc.o(i.RCC_APB2PeriphResetCmd)
    RCC_DeInit                               0x08000a91   Thumb Code    64  stm32f10x_rcc.o(i.RCC_DeInit)
    RCC_GetClocksFreq                        0x08000add   Thumb Code   192  stm32f10x_rcc.o(i.RCC_GetClocksFreq)
    RCC_GetFlagStatus                        0x08000bb1   Thumb Code    56  stm32f10x_rcc.o(i.RCC_GetFlagStatus)
    RCC_GetSYSCLKSource                      0x08000bed   Thumb Code    10  stm32f10x_rcc.o(i.RCC_GetSYSCLKSource)
    RCC_HCLKConfig                           0x08000bfd   Thumb Code    18  stm32f10x_rcc.o(i.RCC_HCLKConfig)
    RCC_HSEConfig                            0x08000c15   Thumb Code    70  stm32f10x_rcc.o(i.RCC_HSEConfig)
    RCC_MCOConfig                            0x08000c61   Thumb Code     6  stm32f10x_rcc.o(i.RCC_MCOConfig)
    RCC_PCLK1Config                          0x08000c6d   Thumb Code    18  stm32f10x_rcc.o(i.RCC_PCLK1Config)
    RCC_PCLK2Config                          0x08000c85   Thumb Code    20  stm32f10x_rcc.o(i.RCC_PCLK2Config)
    RCC_PLLCmd                               0x08000c9d   Thumb Code     6  stm32f10x_rcc.o(i.RCC_PLLCmd)
    RCC_PLLConfig                            0x08000ca9   Thumb Code    24  stm32f10x_rcc.o(i.RCC_PLLConfig)
    RCC_SYSCLKConfig                         0x08000cc5   Thumb Code    18  stm32f10x_rcc.o(i.RCC_SYSCLKConfig)
    RCC_WaitForHSEStartUp                    0x08000cdd   Thumb Code    56  stm32f10x_rcc.o(i.RCC_WaitForHSEStartUp)
    SerialRead                               0x08000d15   Thumb Code    84  serial.o(i.SerialRead)
    SystemInit                               0x08000e59   Thumb Code    78  system_stm32f10x.o(i.SystemInit)
    USART1_IRQHandler                        0x08000eb9   Thumb Code     2  serial.o(i.USART1_IRQHandler)
    USART1_Init                              0x08000ebd   Thumb Code    56  serial.o(i.USART1_Init)
    USART1_SendDMA                           0x08000ef9   Thumb Code   110  serial.o(i.USART1_SendDMA)
    USART_Cmd                                0x08000f79   Thumb Code    24  stm32f10x_usart.o(i.USART_Cmd)
    USART_DMACmd                             0x08000f91   Thumb Code    18  stm32f10x_usart.o(i.USART_DMACmd)
    USART_DeInit                             0x08000fa5   Thumb Code   134  stm32f10x_usart.o(i.USART_DeInit)
    USART_Init                               0x08001041   Thumb Code   156  stm32f10x_usart.o(i.USART_Init)
    USART_SendData                           0x080010e1   Thumb Code     8  stm32f10x_usart.o(i.USART_SendData)
    Usart1_WaitACK                           0x080010e9   Thumb Code    90  serial.o(i.Usart1_WaitACK)
    Usart1_WaitRx                            0x08001155   Thumb Code    90  serial.o(i.Usart1_WaitRx)
    _init_box                                0x080011c1   Thumb Code    70  rt_membox.o(i._init_box)
    _mutex_acquire                           0x08001209   Thumb Code    22  rtx_conf_cm.o(i._mutex_acquire)
    _mutex_release                           0x08001229   Thumb Code    18  rtx_conf_cm.o(i._mutex_release)
    dbg_init                                 0x08001245   Thumb Code    34  hal_cm.o(i.dbg_init)
    dbg_task_notify                          0x08001275   Thumb Code    32  hal_cm.o(i.dbg_task_notify)
    dbg_task_switch                          0x08001295   Thumb Code    16  hal_cm.o(i.dbg_task_switch)
    isrMessageGet                            0x080012a5   Thumb Code    42  rt_cmsis.o(i.isrMessageGet)
    isrMessagePut                            0x080012cf   Thumb Code    44  rt_cmsis.o(i.isrMessagePut)
    isr_mbx_receive                          0x080012fd   Thumb Code    86  rt_mailbox.o(i.isr_mbx_receive)
    isr_mbx_send                             0x08001353   Thumb Code    14  rt_mailbox.o(i.isr_mbx_send)
    main                                     0x08001361   Thumb Code    40  main.o(i.main)
    osKernelInitialize                       0x08001389   Thumb Code    30  rt_cmsis.o(i.osKernelInitialize)
    osKernelRunning                          0x080013ad   Thumb Code    28  rt_cmsis.o(i.osKernelRunning)
    osKernelStart                            0x080013d1   Thumb Code    98  rt_cmsis.o(i.osKernelStart)
    osMessageGet                             0x0800143d   Thumb Code    18  rt_cmsis.o(i.osMessageGet)
    osThreadCreate                           0x08001455   Thumb Code    36  rt_cmsis.o(i.osThreadCreate)
    osThreadExit                             0x08001481   Thumb Code    14  rt_cmsis.o(i.osThreadExit)
    osTimerCall                              0x08001499   Thumb Code     8  rt_cmsis.o(i.osTimerCall)
    osTimerCreate                            0x080014a5   Thumb Code    36  rt_cmsis.o(i.osTimerCreate)
    osTimerStart                             0x080014d1   Thumb Code    18  rt_cmsis.o(i.osTimerStart)
    osTimerStop                              0x080014e9   Thumb Code    18  rt_cmsis.o(i.osTimerStop)
    osTimerThread                            0x08001501   Thumb Code    38  rt_cmsis.o(i.osTimerThread)
    os_error                                 0x0800152d   Thumb Code    34  rtx_conf_cm.o(i.os_error)
    os_idle_demon                            0x0800154f   Thumb Code     4  rtx_conf_cm.o(i.os_idle_demon)
    os_tick_init                             0x08001555   Thumb Code    32  rt_system.o(i.os_tick_init)
    os_tick_irqack                           0x0800157d   Thumb Code     2  rt_system.o(i.os_tick_irqack)
    rt_alloc_box                             0x0800157f   Thumb Code    26  rt_membox.o(i.rt_alloc_box)
    rt_alloc_mem                             0x08001599   Thumb Code    62  rt_memory.o(i.rt_alloc_mem)
    rt_block                                 0x080015d9   Thumb Code    48  rt_task.o(i.rt_block)
    rt_chk_robin                             0x08001611   Thumb Code    60  rt_robin.o(i.rt_chk_robin)
    rt_dec_dly                               0x08001659   Thumb Code   102  rt_list.o(i.rt_dec_dly)
    rt_dispatch                              0x080016c9   Thumb Code    60  rt_task.o(i.rt_dispatch)
    rt_evt_psh                               0x0800170d   Thumb Code    76  rt_event.o(i.rt_evt_psh)
    rt_free_box                              0x0800175d   Thumb Code    44  rt_membox.o(i.rt_free_box)
    rt_free_mem                              0x08001789   Thumb Code    40  rt_memory.o(i.rt_free_mem)
    rt_get_first                             0x080017b1   Thumb Code    40  rt_list.o(i.rt_get_first)
    rt_init_mem                              0x08001829   Thumb Code    26  rt_memory.o(i.rt_init_mem)
    rt_init_robin                            0x08001845   Thumb Code    14  rt_robin.o(i.rt_init_robin)
    rt_init_stack                            0x0800185d   Thumb Code   118  hal_cm.o(i.rt_init_stack)
    rt_mbx_check                             0x080018dd   Thumb Code     8  rt_mailbox.o(i.rt_mbx_check)
    rt_mbx_init                              0x080018e5   Thumb Code    26  rt_mailbox.o(i.rt_mbx_init)
    rt_mbx_psh                               0x08001901   Thumb Code   236  rt_mailbox.o(i.rt_mbx_psh)
    rt_mbx_wait                              0x080019f1   Thumb Code   174  rt_mailbox.o(i.rt_mbx_wait)
    rt_mut_release                           0x08001ae9   Thumb Code   208  rt_mutex.o(i.rt_mut_release)
    rt_mut_wait                              0x08001bc1   Thumb Code   114  rt_mutex.o(i.rt_mut_wait)
    rt_pop_req                               0x08001c39   Thumb Code   112  rt_system.o(i.rt_pop_req)
    rt_psh_req                               0x08001cb5   Thumb Code    22  rt_system.o(i.rt_psh_req)
    rt_psq_enq                               0x08001cd5   Thumb Code    88  rt_list.o(i.rt_psq_enq)
    rt_put_dly                               0x08001d31   Thumb Code    68  rt_list.o(i.rt_put_dly)
    rt_put_prio                              0x08001d79   Thumb Code    54  rt_list.o(i.rt_put_prio)
    rt_put_rdy_first                         0x08001db1   Thumb Code    14  rt_list.o(i.rt_put_rdy_first)
    rt_resort_prio                           0x08001dc5   Thumb Code    46  rt_list.o(i.rt_resort_prio)
    rt_ret_val                               0x08001df9   Thumb Code     6  hal_cm.o(i.rt_ret_val)
    rt_ret_val2                              0x08001dff   Thumb Code     8  hal_cm.o(i.rt_ret_val2)
    rt_rmv_dly                               0x08001e07   Thumb Code    40  rt_list.o(i.rt_rmv_dly)
    rt_rmv_list                              0x08001e31   Thumb Code    44  rt_list.o(i.rt_rmv_list)
    rt_sem_psh                               0x08001e61   Thumb Code    48  rt_semaphore.o(i.rt_sem_psh)
    rt_stk_check                             0x08001e95   Thumb Code    28  rt_system.o(i.rt_stk_check)
    rt_switch_req                            0x08001eb9   Thumb Code    30  rt_task.o(i.rt_switch_req)
    rt_sys_init                              0x08001ee1   Thumb Code   138  rt_task.o(i.rt_sys_init)
    rt_sys_start                             0x08001fad   Thumb Code   110  rt_task.o(i.rt_sys_start)
    rt_systick                               0x08002025   Thumb Code    50  rt_system.o(i.rt_systick)
    rt_tsk_create                            0x080020e9   Thumb Code   118  rt_task.o(i.rt_tsk_create)
    rt_tsk_delete                            0x08002171   Thumb Code   352  rt_task.o(i.rt_tsk_delete)
    rt_tsk_prio                              0x080022ed   Thumb Code   108  rt_task.o(i.rt_tsk_prio)
    rt_tsk_self                              0x08002369   Thumb Code    12  rt_task.o(i.rt_tsk_self)
    svcKernelInitialize                      0x08002379   Thumb Code    80  rt_cmsis.o(i.svcKernelInitialize)
    svcKernelRunning                         0x080023e9   Thumb Code     6  rt_cmsis.o(i.svcKernelRunning)
    svcKernelStart                           0x080023f5   Thumb Code    62  rt_cmsis.o(i.svcKernelStart)
    svcMessageCreate                         0x0800243d   Thumb Code    36  rt_cmsis.o(i.svcMessageCreate)
    svcMessageGet                            0x08002461   Thumb Code    58  rt_cmsis.o(i.svcMessageGet)
    svcThreadCreate                          0x0800249d   Thumb Code    96  rt_cmsis.o(i.svcThreadCreate)
    svcThreadGetId                           0x08002509   Thumb Code    22  rt_cmsis.o(i.svcThreadGetId)
    svcThreadTerminate                       0x08002525   Thumb Code    50  rt_cmsis.o(i.svcThreadTerminate)
    svcTimerCall                             0x0800255d   Thumb Code    24  rt_cmsis.o(i.svcTimerCall)
    svcTimerCreate                           0x08002575   Thumb Code    52  rt_cmsis.o(i.svcTimerCreate)
    svcTimerStart                            0x080025ad   Thumb Code    96  rt_cmsis.o(i.svcTimerStart)
    svcTimerStop                             0x08002611   Thumb Code    36  rt_cmsis.o(i.svcTimerStop)
    sysTimerTick                             0x08002635   Thumb Code    84  rt_cmsis.o(i.sysTimerTick)
    taskSerial                               0x08002691   Thumb Code   304  serial.o(i.taskSerial)
    os_thread_def_taskSerial                 0x080027e8   Data          16  main.o(.constdata)
    os_timer_def_SerialRxTimer               0x080027f8   Data           8  serial.o(.constdata)
    os_maxtaskrun                            0x08002800   Data           2  rtx_conf_cm.o(.constdata)
    os_stackinfo                             0x08002804   Data           4  rtx_conf_cm.o(.constdata)
    os_rrobin                                0x08002808   Data           4  rtx_conf_cm.o(.constdata)
    os_tickfreq                              0x0800280c   Data           4  rtx_conf_cm.o(.constdata)
    os_tickus_i                              0x08002810   Data           2  rtx_conf_cm.o(.constdata)
    os_tickus_f                              0x08002812   Data           2  rtx_conf_cm.o(.constdata)
    os_trv                                   0x08002814   Data           4  rtx_conf_cm.o(.constdata)
    os_flags                                 0x08002818   Data           1  rtx_conf_cm.o(.constdata)
    CMSIS_RTOS_API_Version                   0x0800281c   Data           4  rtx_conf_cm.o(.constdata)
    CMSIS_RTOS_RTX_Version                   0x08002820   Data           4  rtx_conf_cm.o(.constdata)
    os_clockrate                             0x08002824   Data           4  rtx_conf_cm.o(.constdata)
    os_timernum                              0x08002828   Data           4  rtx_conf_cm.o(.constdata)
    mp_tcb_size                              0x0800282c   Data           2  rtx_conf_cm.o(.constdata)
    mp_stk_size                              0x08002830   Data           4  rtx_conf_cm.o(.constdata)
    os_stack_sz                              0x08002834   Data           4  rtx_conf_cm.o(.constdata)
    os_fifo_size                             0x08002838   Data           1  rtx_conf_cm.o(.constdata)
    os_thread_def_osTimerThread              0x0800283c   Data          16  rtx_conf_cm.o(.constdata)
    os_messageQ_def_osTimerMessageQ          0x0800284c   Data           8  rtx_conf_cm.o(.constdata)
    mp_tmr_size                              0x08002854   Data           2  rtx_conf_cm.o(.constdata)
    os_thread_def_main                       0x08002858   Data          16  rtx_conf_cm.o(.constdata)
    Region$$Table$$Base                      0x08002868   Number         0  anon$$obj.o(Region$$Table)
    Region$$Table$$Limit                     0x08002888   Number         0  anon$$obj.o(Region$$Table)
    GPIO_InitStructure                       0x20000000   Data           4  main.o(.data)
    HSEStartUpStatus                         0x20000004   Data           1  main.o(.data)
    tidThreadUsart                           0x20000008   Data           4  main.o(.data)
    CurrTemp                                 0x2000000c   Data           2  main.o(.data)
    serialStatus                             0x20000010   Data           1  serial.o(.data)
    RxTmr_id                                 0x20000014   Data           4  serial.o(.data)
    status                                   0x20000018   Data           4  serial.o(.data)
    crc_OK                                   0x2000001c   Data           1  serial.o(.data)
    RespPurge                                0x2000001d   Data           7  lcdm2000.o(.data)
    RespUpDisp                               0x20000024   Data           7  lcdm2000.o(.data)
    osThreadId_osTimerThread                 0x20000040   Data           4  rtx_conf_cm.o(.data)
    osMessageQId_osTimerMessageQ             0x20000044   Data           4  rtx_conf_cm.o(.data)
    os_tmr                                   0x20000048   Data           4  rtx_conf_cm.o(.data)
    m_tmr                                    0x2000004c   Data           4  rtx_conf_cm.o(.data)
    os_initialized                           0x20000054   Data           1  rt_cmsis.o(.data)
    os_running                               0x20000055   Data           1  rt_cmsis.o(.data)
    os_timer_head                            0x20000058   Data           4  rt_cmsis.o(.data)
    os_tsk                                   0x2000005c   Data           8  rt_task.o(.data)
    os_tick_irqn                             0x20000068   Data           4  rt_system.o(.data)
    os_time                                  0x2000006c   Data           4  rt_time.o(.data)
    os_robin                                 0x20000070   Data           8  rt_robin.o(.data)
    dbg_msg                                  0x20000078   Data           1  hal_cm.o(.data)
    TxBuffer                                 0x2000007c   Data          16  serial.o(.bss)
    RxBuffer                                 0x2000008c   Data          32  serial.o(.bss)
    RxReq                                    0x200000ac   Data          12  serial.o(.bss)
    DMA_InitStructure                        0x200000b8   Data          44  serial.o(.bss)
    os_timer_cb_SerialRxTimer                0x200000e4   Data          24  serial.o(.bss)
    mp_tcb                                   0x20000100   Data         376  rtx_conf_cm.o(.bss)
    mp_stk                                   0x20000278   Data        1216  rtx_conf_cm.o(.bss)
    os_stack_mem                             0x20000738   Data         432  rtx_conf_cm.o(.bss)
    os_fifo                                  0x200008e8   Data         132  rtx_conf_cm.o(.bss)
    os_active_TCB                            0x2000096c   Data          28  rtx_conf_cm.o(.bss)
    os_messageQ_q_osTimerMessageQ            0x20000988   Data          32  rtx_conf_cm.o(.bss)
    os_idle_TCB                              0x20000cc8   Data          52  rt_task.o(.bss)
    os_rdy                                   0x20000cfc   Data          24  rt_list.o(.bss)
    os_dly                                   0x20000d14   Data          24  rt_list.o(.bss)
    __libspace_start                         0x20000d2c   Data          96  libspace.o(.bss)
    __temporary_stack_top$libspace           0x20000d8c   Data           0  libspace.o(.bss)



==============================================================================

Memory Map of the image

  Image Entry point : 0x080000ed

  Load Region LR_IROM1 (Base: 0x08000000, Size: 0x00002904, Max: 0x00010000, ABSOLUTE)

    Execution Region ER_IROM1 (Base: 0x08000000, Size: 0x00002888, Max: 0x00010000, ABSOLUTE)

    Base Addr    Size         Type   Attr      Idx    E Section Name        Object

    0x08000000   0x000000ec   Data   RO         1122    RESET               startup_stm32f10x_md.o
    0x080000ec   0x00000008   Code   RO         2392  * !!!main             c_w.l(__main.o)
    0x080000f4   0x00000034   Code   RO         2553    !!!scatter          c_w.l(__scatter.o)
    0x08000128   0x0000001a   Code   RO         2555    !!handler_copy      c_w.l(__scatter_copy.o)
    0x08000142   0x00000002   PAD
    0x08000144   0x0000001c   Code   RO         2557    !!handler_zi        c_w.l(__scatter_zi.o)
    0x08000160   0x00000002   Code   RO         2439    .ARM.Collect$$libinit$$00000000  c_w.l(libinit.o)
    0x08000162   0x00000000   Code   RO         2451    .ARM.Collect$$libinit$$00000002  c_w.l(libinit2.o)
    0x08000162   0x00000000   Code   RO         2453    .ARM.Collect$$libinit$$00000004  c_w.l(libinit2.o)
    0x08000162   0x00000000   Code   RO         2456    .ARM.Collect$$libinit$$0000000A  c_w.l(libinit2.o)
    0x08000162   0x00000000   Code   RO         2458    .ARM.Collect$$libinit$$0000000C  c_w.l(libinit2.o)
    0x08000162   0x00000000   Code   RO         2460    .ARM.Collect$$libinit$$0000000E  c_w.l(libinit2.o)
    0x08000162   0x00000000   Code   RO         2463    .ARM.Collect$$libinit$$00000011  c_w.l(libinit2.o)
    0x08000162   0x00000000   Code   RO         2465    .ARM.Collect$$libinit$$00000013  c_w.l(libinit2.o)
    0x08000162   0x00000000   Code   RO         2467    .ARM.Collect$$libinit$$00000015  c_w.l(libinit2.o)
    0x08000162   0x00000000   Code   RO         2469    .ARM.Collect$$libinit$$00000017  c_w.l(libinit2.o)
    0x08000162   0x00000000   Code   RO         2471    .ARM.Collect$$libinit$$00000019  c_w.l(libinit2.o)
    0x08000162   0x00000000   Code   RO         2473    .ARM.Collect$$libinit$$0000001B  c_w.l(libinit2.o)
    0x08000162   0x00000000   Code   RO         2475    .ARM.Collect$$libinit$$0000001D  c_w.l(libinit2.o)
    0x08000162   0x00000000   Code   RO         2477    .ARM.Collect$$libinit$$0000001F  c_w.l(libinit2.o)
    0x08000162   0x00000000   Code   RO         2479    .ARM.Collect$$libinit$$00000021  c_w.l(libinit2.o)
    0x08000162   0x00000000   Code   RO         2481    .ARM.Collect$$libinit$$00000023  c_w.l(libinit2.o)
    0x08000162   0x00000000   Code   RO         2483    .ARM.Collect$$libinit$$00000025  c_w.l(libinit2.o)
    0x08000162   0x00000000   Code   RO         2487    .ARM.Collect$$libinit$$0000002C  c_w.l(libinit2.o)
    0x08000162   0x00000000   Code   RO         2489    .ARM.Collect$$libinit$$0000002E  c_w.l(libinit2.o)
    0x08000162   0x00000000   Code   RO         2491    .ARM.Collect$$libinit$$00000030  c_w.l(libinit2.o)
    0x08000162   0x00000000   Code   RO         2493    .ARM.Collect$$libinit$$00000032  c_w.l(libinit2.o)
    0x08000162   0x00000002   Code   RO         2494    .ARM.Collect$$libinit$$00000033  c_w.l(libinit2.o)
    0x08000164   0x00000002   Code   RO         2440    .ARM.Collect$$libshutdown$$00000000  c_w.l(libshutdown.o)
    0x08000166   0x00000000   Code   RO         2496    .ARM.Collect$$libshutdown$$00000002  c_w.l(libshutdown2.o)
    0x08000166   0x00000000   Code   RO         2498    .ARM.Collect$$libshutdown$$00000004  c_w.l(libshutdown2.o)
    0x08000166   0x00000000   Code   RO         2501    .ARM.Collect$$libshutdown$$00000007  c_w.l(libshutdown2.o)
    0x08000166   0x00000000   Code   RO         2504    .ARM.Collect$$libshutdown$$0000000A  c_w.l(libshutdown2.o)
    0x08000166   0x00000000   Code   RO         2506    .ARM.Collect$$libshutdown$$0000000C  c_w.l(libshutdown2.o)
    0x08000166   0x00000000   Code   RO         2509    .ARM.Collect$$libshutdown$$0000000F  c_w.l(libshutdown2.o)
    0x08000166   0x00000002   Code   RO         2510    .ARM.Collect$$libshutdown$$00000010  c_w.l(libshutdown2.o)
    0x08000168   0x00000000   Code   RO         2394    .ARM.Collect$$rtentry$$00000000  c_w.l(__rtentry.o)
    0x08000168   0x00000000   Code   RO         2402    .ARM.Collect$$rtentry$$00000002  c_w.l(__rtentry2.o)
    0x08000168   0x00000006   Code   RO         2414    .ARM.Collect$$rtentry$$00000004  c_w.l(__rtentry4.o)
    0x0800016e   0x00000000   Code   RO         2404    .ARM.Collect$$rtentry$$00000009  c_w.l(__rtentry2.o)
    0x0800016e   0x00000004   Code   RO         2405    .ARM.Collect$$rtentry$$0000000A  c_w.l(__rtentry2.o)
    0x08000172   0x00000008   Code   RO         2406    .ARM.Collect$$rtentry$$0000000B  c_w.l(__rtentry2.o)
    0x0800017a   0x00000008   Code   RO         2408    .ARM.Collect$$rtentry$$0000000D  c_w.l(__rtentry2.o)
    0x08000182   0x00000002   Code   RO         2395    .ARM.Collect$$rtexit$$00000000  c_w.l(rtexit.o)
    0x08000184   0x00000000   Code   RO         2417    .ARM.Collect$$rtexit$$00000002  c_w.l(rtexit2.o)
    0x08000184   0x00000004   Code   RO         2418    .ARM.Collect$$rtexit$$00000003  c_w.l(rtexit2.o)
    0x08000188   0x00000006   Code   RO         2419    .ARM.Collect$$rtexit$$00000004  c_w.l(rtexit2.o)
    0x0800018e   0x00000002   PAD
    0x08000190   0x0000001c   Code   RO         1062    .emb_text           rtx_conf_cm.o
    0x080001ac   0x00000130   Code   RO         2368    .emb_text           RTX_CM3.lib(hal_cm3.o)
    0x080002dc   0x00000040   Code   RO         1123    .text               startup_stm32f10x_md.o
    0x0800031c   0x00000008   Code   RO         2383    .text               c_w.l(libspace.o)
    0x08000324   0x000000ee   Code   RO         2386    .text               c_w.l(lludivv7m.o)
    0x08000412   0x00000012   Code   RO         2388    .text               c_w.l(exit.o)
    0x08000424   0x00000006   Code   RO         2390    .text               c_w.l(heapauxi.o)
    0x0800042a   0x00000002   PAD
    0x0800042c   0x0000000c   Code   RO         2425    .text               c_w.l(sys_exit.o)
    0x08000438   0x0000004a   Code   RO         2427    .text               c_w.l(sys_stackheap_outer.o)
    0x08000482   0x00000002   Code   RO         2441    .text               c_w.l(use_no_semi.o)
    0x08000484   0x00000000   Code   RO         2443    .text               c_w.l(indicate_semi.o)
    0x08000484   0x00000004   Code   RO         2378    SVC_TABLE           RTX_CM3.lib(svc_table.o)
    0x08000488   0x00000020   Code   RO          129    i.CRC_calculate     serial.o
    0x080004a8   0x00000024   Code   RO          130    i.DMA1_Channel4_IRQHandler  serial.o
    0x080004cc   0x00000048   Code   RO          131    i.DMA1_Channel5_IRQHandler  serial.o
    0x08000514   0x0000001c   Code   RO          261    i.DMA_ClearITPendingBit  stm32f10x_dma.o
    0x08000530   0x00000016   Code   RO          262    i.DMA_Cmd           stm32f10x_dma.o
    0x08000546   0x00000002   PAD
    0x08000548   0x0000014c   Code   RO          263    i.DMA_DeInit        stm32f10x_dma.o
    0x08000694   0x0000002c   Code   RO          265    i.DMA_GetFlagStatus  stm32f10x_dma.o
    0x080006c0   0x00000012   Code   RO          267    i.DMA_ITConfig      stm32f10x_dma.o
    0x080006d2   0x0000003c   Code   RO          268    i.DMA_Init          stm32f10x_dma.o
    0x0800070e   0x00000002   PAD
    0x08000710   0x0000001c   Code   RO          870    i.FLASH_PrefetchBufferCmd  stm32f10x_flash.o
    0x0800072c   0x00000018   Code   RO          875    i.FLASH_SetLatency  stm32f10x_flash.o
    0x08000744   0x00000054   Code   RO            4    i.GPIOInit          main.o
    0x08000798   0x00000116   Code   RO          344    i.GPIO_Init         stm32f10x_gpio.o
    0x080008ae   0x00000002   PAD
    0x080008b0   0x00000028   Code   RO            5    i.Init_Thread       main.o
    0x080008d8   0x00000002   Code   RO            7    i.NVIC_Configuration  main.o
    0x080008da   0x0000003c   Code   RO          132    i.NVIC_Configuration  serial.o
    0x08000916   0x00000002   PAD
    0x08000918   0x00000070   Code   RO         1017    i.NVIC_Init         misc.o
    0x08000988   0x00000020   Code   RO          465    i.RCC_AHBPeriphClockCmd  stm32f10x_rcc.o
    0x080009a8   0x00000020   Code   RO          467    i.RCC_APB1PeriphResetCmd  stm32f10x_rcc.o
    0x080009c8   0x00000020   Code   RO          468    i.RCC_APB2PeriphClockCmd  stm32f10x_rcc.o
    0x080009e8   0x00000020   Code   RO          469    i.RCC_APB2PeriphResetCmd  stm32f10x_rcc.o
    0x08000a08   0x00000088   Code   RO            8    i.RCC_Configuration  main.o
    0x08000a90   0x0000004c   Code   RO          475    i.RCC_DeInit        stm32f10x_rcc.o
    0x08000adc   0x000000d4   Code   RO          476    i.RCC_GetClocksFreq  stm32f10x_rcc.o
    0x08000bb0   0x0000003c   Code   RO          477    i.RCC_GetFlagStatus  stm32f10x_rcc.o
    0x08000bec   0x00000010   Code   RO          479    i.RCC_GetSYSCLKSource  stm32f10x_rcc.o
    0x08000bfc   0x00000018   Code   RO          480    i.RCC_HCLKConfig    stm32f10x_rcc.o
    0x08000c14   0x0000004c   Code   RO          481    i.RCC_HSEConfig     stm32f10x_rcc.o
    0x08000c60   0x0000000c   Code   RO          486    i.RCC_MCOConfig     stm32f10x_rcc.o
    0x08000c6c   0x00000018   Code   RO          487    i.RCC_PCLK1Config   stm32f10x_rcc.o
    0x08000c84   0x00000018   Code   RO          488    i.RCC_PCLK2Config   stm32f10x_rcc.o
    0x08000c9c   0x0000000c   Code   RO          489    i.RCC_PLLCmd        stm32f10x_rcc.o
    0x08000ca8   0x0000001c   Code   RO          490    i.RCC_PLLConfig     stm32f10x_rcc.o
    0x08000cc4   0x00000018   Code   RO          493    i.RCC_SYSCLKConfig  stm32f10x_rcc.o
    0x08000cdc   0x00000038   Code   RO          495    i.RCC_WaitForHSEStartUp  stm32f10x_rcc.o
    0x08000d14   0x0000005c   Code   RO          133    i.SerialRead        serial.o
    0x08000d70   0x00000008   Code   RO         1130    i.SetSysClock       system_stm32f10x.o
    0x08000d78   0x000000e0   Code   RO         1131    i.SetSysClockTo72   system_stm32f10x.o
    0x08000e58   0x00000060   Code   RO         1133    i.SystemInit        system_stm32f10x.o
    0x08000eb8   0x00000002   Code   RO          134    i.USART1_IRQHandler  serial.o
    0x08000eba   0x00000002   PAD
    0x08000ebc   0x0000003c   Code   RO          135    i.USART1_Init       serial.o
    0x08000ef8   0x00000080   Code   RO          138    i.USART1_SendDMA    serial.o
    0x08000f78   0x00000018   Code   RO          680    i.USART_Cmd         stm32f10x_usart.o
    0x08000f90   0x00000012   Code   RO          681    i.USART_DMACmd      stm32f10x_usart.o
    0x08000fa2   0x00000002   PAD
    0x08000fa4   0x0000009c   Code   RO          682    i.USART_DeInit      stm32f10x_usart.o
    0x08001040   0x000000a0   Code   RO          687    i.USART_Init        stm32f10x_usart.o
    0x080010e0   0x00000008   Code   RO          695    i.USART_SendData    stm32f10x_usart.o
    0x080010e8   0x0000006c   Code   RO          139    i.Usart1_WaitACK    serial.o
    0x08001154   0x0000006c   Code   RO          140    i.Usart1_WaitRx     serial.o
    0x080011c0   0x00000046   Code   RO         2267    i._init_box         RTX_CM3.lib(rt_membox.o)
    0x08001206   0x00000002   PAD
    0x08001208   0x00000020   Code   RO         1064    i._mutex_acquire    rtx_conf_cm.o
    0x08001228   0x0000001c   Code   RO         1066    i._mutex_release    rtx_conf_cm.o
    0x08001244   0x00000030   Code   RO         2320    i.dbg_init          RTX_CM3.lib(hal_cm.o)
    0x08001274   0x00000020   Code   RO         2321    i.dbg_task_notify   RTX_CM3.lib(hal_cm.o)
    0x08001294   0x00000010   Code   RO         2322    i.dbg_task_switch   RTX_CM3.lib(hal_cm.o)
    0x080012a4   0x0000002a   Code   RO         1176    i.isrMessageGet     RTX_CM3.lib(rt_cmsis.o)
    0x080012ce   0x0000002c   Code   RO         1177    i.isrMessagePut     RTX_CM3.lib(rt_cmsis.o)
    0x080012fa   0x00000002   PAD
    0x080012fc   0x00000056   Code   RO         2122    i.isr_mbx_receive   RTX_CM3.lib(rt_mailbox.o)
    0x08001352   0x0000000e   Code   RO         2123    i.isr_mbx_send      RTX_CM3.lib(rt_mailbox.o)
    0x08001360   0x00000028   Code   RO           10    i.main              main.o
    0x08001388   0x00000024   Code   RO         1181    i.osKernelInitialize  RTX_CM3.lib(rt_cmsis.o)
    0x080013ac   0x00000024   Code   RO         1182    i.osKernelRunning   RTX_CM3.lib(rt_cmsis.o)
    0x080013d0   0x0000006c   Code   RO         1183    i.osKernelStart     RTX_CM3.lib(rt_cmsis.o)
    0x0800143c   0x00000018   Code   RO         1192    i.osMessageGet      RTX_CM3.lib(rt_cmsis.o)
    0x08001454   0x0000002c   Code   RO         1209    i.osThreadCreate    RTX_CM3.lib(rt_cmsis.o)
    0x08001480   0x00000018   Code   RO         1210    i.osThreadExit      RTX_CM3.lib(rt_cmsis.o)
    0x08001498   0x0000000c   Code   RO         1216    i.osTimerCall       RTX_CM3.lib(rt_cmsis.o)
    0x080014a4   0x0000002c   Code   RO         1217    i.osTimerCreate     RTX_CM3.lib(rt_cmsis.o)
    0x080014d0   0x00000018   Code   RO         1219    i.osTimerStart      RTX_CM3.lib(rt_cmsis.o)
    0x080014e8   0x00000018   Code   RO         1220    i.osTimerStop       RTX_CM3.lib(rt_cmsis.o)
    0x08001500   0x0000002c   Code   RO         1221    i.osTimerThread     RTX_CM3.lib(rt_cmsis.o)
    0x0800152c   0x00000022   Code   RO         1067    i.os_error          rtx_conf_cm.o
    0x0800154e   0x00000004   Code   RO         1068    i.os_idle_demon     rtx_conf_cm.o
    0x08001552   0x00000002   PAD
    0x08001554   0x00000028   Code   RO         1914    i.os_tick_init      RTX_CM3.lib(rt_system.o)
    0x0800157c   0x00000002   Code   RO         1915    i.os_tick_irqack    RTX_CM3.lib(rt_system.o)
    0x0800157e   0x0000001a   Code   RO         2268    i.rt_alloc_box      RTX_CM3.lib(rt_membox.o)
    0x08001598   0x0000003e   Code   RO         2296    i.rt_alloc_mem      RTX_CM3.lib(rt_memory.o)
    0x080015d6   0x00000002   PAD
    0x080015d8   0x00000038   Code   RO         1795    i.rt_block          RTX_CM3.lib(rt_task.o)
    0x08001610   0x00000048   Code   RO         2245    i.rt_chk_robin      RTX_CM3.lib(rt_robin.o)
    0x08001658   0x00000070   Code   RO         2046    i.rt_dec_dly        RTX_CM3.lib(rt_list.o)
    0x080016c8   0x00000044   Code   RO         1796    i.rt_dispatch       RTX_CM3.lib(rt_task.o)
    0x0800170c   0x00000050   Code   RO         2007    i.rt_evt_psh        RTX_CM3.lib(rt_event.o)
    0x0800175c   0x0000002c   Code   RO         2269    i.rt_free_box       RTX_CM3.lib(rt_membox.o)
    0x08001788   0x00000028   Code   RO         2297    i.rt_free_mem       RTX_CM3.lib(rt_memory.o)
    0x080017b0   0x00000028   Code   RO         2047    i.rt_get_first      RTX_CM3.lib(rt_list.o)
    0x080017d8   0x00000008   Code   RO         1226    i.rt_id2obj         RTX_CM3.lib(rt_cmsis.o)
    0x080017e0   0x00000048   Code   RO         1797    i.rt_init_context   RTX_CM3.lib(rt_task.o)
    0x08001828   0x0000001a   Code   RO         2298    i.rt_init_mem       RTX_CM3.lib(rt_memory.o)
    0x08001842   0x00000002   PAD
    0x08001844   0x00000018   Code   RO         2246    i.rt_init_robin     RTX_CM3.lib(rt_robin.o)
    0x0800185c   0x00000080   Code   RO         2323    i.rt_init_stack     RTX_CM3.lib(hal_cm.o)
    0x080018dc   0x00000008   Code   RO         2124    i.rt_mbx_check      RTX_CM3.lib(rt_mailbox.o)
    0x080018e4   0x0000001a   Code   RO         2125    i.rt_mbx_init       RTX_CM3.lib(rt_mailbox.o)
    0x080018fe   0x00000002   PAD
    0x08001900   0x000000f0   Code   RO         2126    i.rt_mbx_psh        RTX_CM3.lib(rt_mailbox.o)
    0x080019f0   0x000000b4   Code   RO         2128    i.rt_mbx_wait       RTX_CM3.lib(rt_mailbox.o)
    0x08001aa4   0x00000044   Code   RO         1227    i.rt_ms2tick        RTX_CM3.lib(rt_cmsis.o)
    0x08001ae8   0x000000d8   Code   RO         1881    i.rt_mut_release    RTX_CM3.lib(rt_mutex.o)
    0x08001bc0   0x00000078   Code   RO         1882    i.rt_mut_wait       RTX_CM3.lib(rt_mutex.o)
    0x08001c38   0x0000007c   Code   RO         1918    i.rt_pop_req        RTX_CM3.lib(rt_system.o)
    0x08001cb4   0x00000020   Code   RO         1919    i.rt_psh_req        RTX_CM3.lib(rt_system.o)
    0x08001cd4   0x0000005c   Code   RO         2049    i.rt_psq_enq        RTX_CM3.lib(rt_list.o)
    0x08001d30   0x00000048   Code   RO         2050    i.rt_put_dly        RTX_CM3.lib(rt_list.o)
    0x08001d78   0x00000036   Code   RO         2051    i.rt_put_prio       RTX_CM3.lib(rt_list.o)
    0x08001dae   0x00000002   PAD
    0x08001db0   0x00000014   Code   RO         2052    i.rt_put_rdy_first  RTX_CM3.lib(rt_list.o)
    0x08001dc4   0x00000034   Code   RO         2053    i.rt_resort_prio    RTX_CM3.lib(rt_list.o)
    0x08001df8   0x00000006   Code   RO         2324    i.rt_ret_val        RTX_CM3.lib(hal_cm.o)
    0x08001dfe   0x00000008   Code   RO         2325    i.rt_ret_val2       RTX_CM3.lib(hal_cm.o)
    0x08001e06   0x00000028   Code   RO         2054    i.rt_rmv_dly        RTX_CM3.lib(rt_list.o)
    0x08001e2e   0x00000002   PAD
    0x08001e30   0x00000030   Code   RO         2055    i.rt_rmv_list       RTX_CM3.lib(rt_list.o)
    0x08001e60   0x00000034   Code   RO         2173    i.rt_sem_psh        RTX_CM3.lib(rt_semaphore.o)
    0x08001e94   0x00000024   Code   RO         1921    i.rt_stk_check      RTX_CM3.lib(rt_system.o)
    0x08001eb8   0x00000028   Code   RO         1798    i.rt_switch_req     RTX_CM3.lib(rt_task.o)
    0x08001ee0   0x000000cc   Code   RO         1799    i.rt_sys_init       RTX_CM3.lib(rt_task.o)
    0x08001fac   0x00000078   Code   RO         1800    i.rt_sys_start      RTX_CM3.lib(rt_task.o)
    0x08002024   0x00000040   Code   RO         1923    i.rt_systick        RTX_CM3.lib(rt_system.o)
    0x08002064   0x00000012   Code   RO         1228    i.rt_tid2ptcb       RTX_CM3.lib(rt_cmsis.o)
    0x08002076   0x00000002   PAD
    0x08002078   0x00000034   Code   RO         1229    i.rt_timer_insert   RTX_CM3.lib(rt_cmsis.o)
    0x080020ac   0x0000003c   Code   RO         1230    i.rt_timer_remove   RTX_CM3.lib(rt_cmsis.o)
    0x080020e8   0x00000088   Code   RO         1801    i.rt_tsk_create     RTX_CM3.lib(rt_task.o)
    0x08002170   0x0000017c   Code   RO         1802    i.rt_tsk_delete     RTX_CM3.lib(rt_task.o)
    0x080022ec   0x0000007c   Code   RO         1804    i.rt_tsk_prio       RTX_CM3.lib(rt_task.o)
    0x08002368   0x00000010   Code   RO         1805    i.rt_tsk_self       RTX_CM3.lib(rt_task.o)
    0x08002378   0x00000070   Code   RO         1232    i.svcKernelInitialize  RTX_CM3.lib(rt_cmsis.o)
    0x080023e8   0x0000000c   Code   RO         1233    i.svcKernelRunning  RTX_CM3.lib(rt_cmsis.o)
    0x080023f4   0x00000048   Code   RO         1234    i.svcKernelStart    RTX_CM3.lib(rt_cmsis.o)
    0x0800243c   0x00000024   Code   RO         1237    i.svcMessageCreate  RTX_CM3.lib(rt_cmsis.o)
    0x08002460   0x0000003a   Code   RO         1238    i.svcMessageGet     RTX_CM3.lib(rt_cmsis.o)
    0x0800249a   0x00000002   PAD
    0x0800249c   0x0000006c   Code   RO         1252    i.svcThreadCreate   RTX_CM3.lib(rt_cmsis.o)
    0x08002508   0x0000001c   Code   RO         1253    i.svcThreadGetId    RTX_CM3.lib(rt_cmsis.o)
    0x08002524   0x00000038   Code   RO         1256    i.svcThreadTerminate  RTX_CM3.lib(rt_cmsis.o)
    0x0800255c   0x00000018   Code   RO         1258    i.svcTimerCall      RTX_CM3.lib(rt_cmsis.o)
    0x08002574   0x00000038   Code   RO         1259    i.svcTimerCreate    RTX_CM3.lib(rt_cmsis.o)
    0x080025ac   0x00000064   Code   RO         1261    i.svcTimerStart     RTX_CM3.lib(rt_cmsis.o)
    0x08002610   0x00000024   Code   RO         1262    i.svcTimerStop      RTX_CM3.lib(rt_cmsis.o)
    0x08002634   0x0000005c   Code   RO         1267    i.sysTimerTick      RTX_CM3.lib(rt_cmsis.o)
    0x08002690   0x00000158   Code   RO          141    i.taskSerial        serial.o
    0x080027e8   0x00000010   Data   RO           11    .constdata          main.o
    0x080027f8   0x00000008   Data   RO          143    .constdata          serial.o
    0x08002800   0x00000068   Data   RO         1070    .constdata          rtx_conf_cm.o
    0x08002868   0x00000020   Data   RO         2551    Region$$Table       anon$$obj.o


    Execution Region RW_IRAM1 (Base: 0x20000000, Size: 0x00001390, Max: 0x00005000, ABSOLUTE)

    Base Addr    Size         Type   Attr      Idx    E Section Name        Object

    0x20000000   0x0000000e   Data   RW           12    .data               main.o
    0x2000000e   0x00000002   PAD
    0x20000010   0x0000000d   Data   RW          144    .data               serial.o
    0x2000001d   0x0000000e   Data   RW          236    .data               lcdm2000.o
    0x2000002b   0x00000014   Data   RW          496    .data               stm32f10x_rcc.o
    0x2000003f   0x00000001   PAD
    0x20000040   0x00000014   Data   RW         1071    .data               rtx_conf_cm.o
    0x20000054   0x00000008   Data   RW         1270    .data               RTX_CM3.lib(rt_cmsis.o)
    0x2000005c   0x00000008   Data   RW         1807    .data               RTX_CM3.lib(rt_task.o)
    0x20000064   0x00000008   Data   RW         1926    .data               RTX_CM3.lib(rt_system.o)
    0x2000006c   0x00000004   Data   RW         2216    .data               RTX_CM3.lib(rt_time.o)
    0x20000070   0x00000008   Data   RW         2247    .data               RTX_CM3.lib(rt_robin.o)
    0x20000078   0x00000001   Data   RW         2326    .data               RTX_CM3.lib(hal_cm.o)
    0x20000079   0x00000003   PAD
    0x2000007c   0x00000080   Zero   RW          142    .bss                serial.o
    0x200000fc   0x00000004   PAD
    0x20000100   0x00000bc8   Zero   RW         1069    .bss                rtx_conf_cm.o
    0x20000cc8   0x00000034   Zero   RW         1806    .bss                RTX_CM3.lib(rt_task.o)
    0x20000cfc   0x00000030   Zero   RW         2056    .bss                RTX_CM3.lib(rt_list.o)
    0x20000d2c   0x00000060   Zero   RW         2384    .bss                c_w.l(libspace.o)
    0x20000d8c   0x00000004   PAD
    0x20000d90   0x00000200   Zero   RW         1121    HEAP                startup_stm32f10x_md.o
    0x20000f90   0x00000400   Zero   RW         1120    STACK               startup_stm32f10x_md.o


==============================================================================

Image component sizes


      Code (inc. data)   RO Data    RW Data    ZI Data      Debug   Object Name

         0          0          0         14          0        451   lcdm2000.o
       302         24         16         14          0     253809   main.o
       112         12          0          0          0        980   misc.o
       126         26        104         20       3016       8955   rtx_conf_cm.o
      1042        126          8         13        128       7481   serial.o
        64         26        236          0       1536        792   startup_stm32f10x_md.o
       504         28          0          0          0       4433   stm32f10x_dma.o
        52         12          0          0          0       1045   stm32f10x_flash.o
       278          0          0          0          0       1928   stm32f10x_gpio.o
       772        110          0         20          0      11663   stm32f10x_rcc.o
       366         26          0          0          0       4344   stm32f10x_usart.o
       328         28          0          0          0       1877   system_stm32f10x.o

    ----------------------------------------------------------------------
      3960        418        396         84       4684     297758   Object Totals
         0          0         32          0          0          0   (incl. Generated)
        14          0          0          3          4          0   (incl. Padding)

    ----------------------------------------------------------------------

      Code (inc. data)   RO Data    RW Data    ZI Data      Debug   Library Member Name

       238         24          0          1          0       3312   hal_cm.o
       304         36          0          0          0        768   hal_cm3.o
      1502        184          0          8          0      37567   rt_cmsis.o
        80          4          0          0          0        661   rt_event.o
       530         34          0          0         48       8253   rt_list.o
       554         10          0          0          0       3949   rt_mailbox.o
       140          0          0          0          0       1925   rt_membox.o
       128          0          0          0          0       2307   rt_memory.o
       336         14          0          0          0       1643   rt_mutex.o
        96         22          0          8          0       1158   rt_robin.o
        52          4          0          0          0        573   rt_semaphore.o
       298         52          0          8          0       6223   rt_system.o
      1216        174          0          8         52       9649   rt_task.o
         0          0          0          4          0        214   rt_time.o
         4          4          0          0          0        208   svc_table.o
         8          0          0          0          0         68   __main.o
         0          0          0          0          0          0   __rtentry.o
        20          0          0          0          0          0   __rtentry2.o
         6          0          0          0          0          0   __rtentry4.o
        52          8          0          0          0          0   __scatter.o
        26          0          0          0          0          0   __scatter_copy.o
        28          0          0          0          0          0   __scatter_zi.o
        18          0          0          0          0         80   exit.o
         6          0          0          0          0        152   heapauxi.o
         0          0          0          0          0          0   indicate_semi.o
         2          0          0          0          0          0   libinit.o
         2          0          0          0          0          0   libinit2.o
         2          0          0          0          0          0   libshutdown.o
         2          0          0          0          0          0   libshutdown2.o
         8          4          0          0         96         68   libspace.o
       238          0          0          0          0        100   lludivv7m.o
         2          0          0          0          0          0   rtexit.o
        10          0          0          0          0          0   rtexit2.o
        12          4          0          0          0         68   sys_exit.o
        74          0          0          0          0         80   sys_stackheap_outer.o
         2          0          0          0          0         68   use_no_semi.o

    ----------------------------------------------------------------------
      6020        578          0         40        200      79094   Library Totals
        24          0          0          3          4          0   (incl. Padding)

    ----------------------------------------------------------------------

      Code (inc. data)   RO Data    RW Data    ZI Data      Debug   Library Name

      5478        562          0         37        100      78410   RTX_CM3.lib
       518         16          0          0         96        684   c_w.l

    ----------------------------------------------------------------------
      6020        578          0         40        200      79094   Library Totals

    ----------------------------------------------------------------------

==============================================================================


      Code (inc. data)   RO Data    RW Data    ZI Data      Debug   

      9980        996        396        124       4884     369984   Grand Totals
      9980        996        396        124       4884     369984   ELF Image Totals
      9980        996        396        124          0          0   ROM Totals

==============================================================================

    Total RO  Size (Code + RO Data)                10376 (  10.13kB)
    Total RW  Size (RW Data + ZI Data)              5008 (   4.89kB)
    Total ROM Size (Code + RO Data + RW Data)      10500 (  10.25kB)

==============================================================================

